Archive member included to satisfy reference by file (symbol)

C:\Users\samia\SimplicityStudio\v4_workspace\mgm13_bootstrap\protocol\bluetooth\lib\EFR32MG13P\GCC\libbluetooth.a(bgapi.c.obj)
                              ./app.o (gecko_rsp_msg_buf)
C:\Users\samia\SimplicityStudio\v4_workspace\mgm13_bootstrap\protocol\bluetooth\lib\EFR32MG13P\GCC\libbluetooth.a(bglib.c.obj)
                              ./app.o (gecko_wait_event)
C:\Users\samia\SimplicityStudio\v4_workspace\mgm13_bootstrap\protocol\bluetooth\lib\EFR32MG13P\GCC\libbluetooth.a(gecko_endpoints.c.obj)
                              C:\Users\samia\SimplicityStudio\v4_workspace\mgm13_bootstrap\protocol\bluetooth\lib\EFR32MG13P\GCC\libbluetooth.a(bglib.c.obj) (gecko_release_evt)
C:\Users\samia\SimplicityStudio\v4_workspace\mgm13_bootstrap\protocol\bluetooth\lib\EFR32MG13P\GCC\libbluetooth.a(init.c.obj)
                              C:\Users\samia\SimplicityStudio\v4_workspace\mgm13_bootstrap\protocol\bluetooth\lib\EFR32MG13P\GCC\libbluetooth.a(bglib.c.obj) (bg_radio_init)
C:\Users\samia\SimplicityStudio\v4_workspace\mgm13_bootstrap\protocol\bluetooth\lib\EFR32MG13P\GCC\libbluetooth.a(ll_task.c.obj)
                              C:\Users\samia\SimplicityStudio\v4_workspace\mgm13_bootstrap\protocol\bluetooth\lib\EFR32MG13P\GCC\libbluetooth.a(bglib.c.obj) (ll_task_init)
C:\Users\samia\SimplicityStudio\v4_workspace\mgm13_bootstrap\protocol\bluetooth\lib\EFR32MG13P\GCC\libbluetooth.a(ll_to_hci.c.obj)
                              C:\Users\samia\SimplicityStudio\v4_workspace\mgm13_bootstrap\protocol\bluetooth\lib\EFR32MG13P\GCC\libbluetooth.a(init.c.obj) (bgll_init)
C:\Users\samia\SimplicityStudio\v4_workspace\mgm13_bootstrap\protocol\bluetooth\lib\EFR32MG13P\GCC\libbluetooth.a(pskeys.c.obj)
                              C:\Users\samia\SimplicityStudio\v4_workspace\mgm13_bootstrap\protocol\bluetooth\lib\EFR32MG13P\GCC\libbluetooth.a(bglib.c.obj) (ecode2bg)
C:\Users\samia\SimplicityStudio\v4_workspace\mgm13_bootstrap\protocol\bluetooth\lib\EFR32MG13P\GCC\libbluetooth.a(ll_init.c.obj)
                              C:\Users\samia\SimplicityStudio\v4_workspace\mgm13_bootstrap\protocol\bluetooth\lib\EFR32MG13P\GCC\libbluetooth.a(ll_task.c.obj) (BTLE_LL_Process)
C:\Users\samia\SimplicityStudio\v4_workspace\mgm13_bootstrap\protocol\bluetooth\lib\EFR32MG13P\GCC\libbluetooth.a(ll_adv.c.obj)
                              C:\Users\samia\SimplicityStudio\v4_workspace\mgm13_bootstrap\protocol\bluetooth\lib\EFR32MG13P\GCC\libbluetooth.a(ll_init.c.obj) (ll_advAllocMem)
C:\Users\samia\SimplicityStudio\v4_workspace\mgm13_bootstrap\protocol\bluetooth\lib\EFR32MG13P\GCC\libbluetooth.a(ll_adv_ext-stubs.c.obj)
                              C:\Users\samia\SimplicityStudio\v4_workspace\mgm13_bootstrap\protocol\bluetooth\lib\EFR32MG13P\GCC\libbluetooth.a(ll_init.c.obj) (ll_advExtSyncEventHandler)
C:\Users\samia\SimplicityStudio\v4_workspace\mgm13_bootstrap\protocol\bluetooth\lib\EFR32MG13P\GCC\libbluetooth.a(ll_adv_sync-stubs.c.obj)
                              C:\Users\samia\SimplicityStudio\v4_workspace\mgm13_bootstrap\protocol\bluetooth\lib\EFR32MG13P\GCC\libbluetooth.a(bglib.c.obj) (ll_allocPeriodicAdv)
C:\Users\samia\SimplicityStudio\v4_workspace\mgm13_bootstrap\protocol\bluetooth\lib\EFR32MG13P\GCC\libbluetooth.a(ll_aox-stubs.c.obj)
                              C:\Users\samia\SimplicityStudio\v4_workspace\mgm13_bootstrap\protocol\bluetooth\lib\EFR32MG13P\GCC\libbluetooth.a(ll_init.c.obj) (ll_aoxEvent)
C:\Users\samia\SimplicityStudio\v4_workspace\mgm13_bootstrap\protocol\bluetooth\lib\EFR32MG13P\GCC\libbluetooth.a(ll_channelmap.c.obj)
                              C:\Users\samia\SimplicityStudio\v4_workspace\mgm13_bootstrap\protocol\bluetooth\lib\EFR32MG13P\GCC\libbluetooth.a(ll_init.c.obj) (ll_channelmapEvent)
C:\Users\samia\SimplicityStudio\v4_workspace\mgm13_bootstrap\protocol\bluetooth\lib\EFR32MG13P\GCC\libbluetooth.a(ll_conn.c.obj)
                              C:\Users\samia\SimplicityStudio\v4_workspace\mgm13_bootstrap\protocol\bluetooth\lib\EFR32MG13P\GCC\libbluetooth.a(ll_init.c.obj) (ll_connGetByHandle)
C:\Users\samia\SimplicityStudio\v4_workspace\mgm13_bootstrap\protocol\bluetooth\lib\EFR32MG13P\GCC\libbluetooth.a(ll_conn_enc.c.obj)
                              C:\Users\samia\SimplicityStudio\v4_workspace\mgm13_bootstrap\protocol\bluetooth\lib\EFR32MG13P\GCC\libbluetooth.a(ll_init.c.obj) (ll_connEncryptionInit)
C:\Users\samia\SimplicityStudio\v4_workspace\mgm13_bootstrap\protocol\bluetooth\lib\EFR32MG13P\GCC\libbluetooth.a(ll_hci.c.obj)
                              C:\Users\samia\SimplicityStudio\v4_workspace\mgm13_bootstrap\protocol\bluetooth\lib\EFR32MG13P\GCC\libbluetooth.a(ll_init.c.obj) (ll_hciInit)
C:\Users\samia\SimplicityStudio\v4_workspace\mgm13_bootstrap\protocol\bluetooth\lib\EFR32MG13P\GCC\libbluetooth.a(ll_hci_phy.c.obj)
[...]
Memory Configuration

Name             Origin             Length             Attributes
FLASH            0x00000000         0x00070000         xr
BOOTFLASH        0x00070000         0x00010000         xr
RAM              0x20000000         0x00010000         xrw
*default*        0x00000000         0xffffffff

Linker script and memory map

LOAD c:/siliconlabs/simplicitystudio/v4/developer/toolchains/gnu_arm/7.2_2017q4/bin/../lib/gcc/arm-none-eabi/7.2.1/thumb/v7e-m/fpv4-sp/softfp/crti.o
LOAD c:/siliconlabs/simplicitystudio/v4/developer/toolchains/gnu_arm/7.2_2017q4/bin/../lib/gcc/arm-none-eabi/7.2.1/thumb/v7e-m/fpv4-sp/softfp/crtbegin.o
LOAD c:/siliconlabs/simplicitystudio/v4/developer/toolchains/gnu_arm/7.2_2017q4/bin/../lib/gcc/arm-none-eabi/7.2.1/../../../../arm-none-eabi/lib/thumb/v7e-m/fpv4-sp/softfp/crt0.o
START GROUP
LOAD ./app/bluetooth/common/util/infrastructure.o
LOAD ./app.o
LOAD ./application_properties.o
LOAD ./gatt_db.o
LOAD ./init_app.o
LOAD ./init_board_efr32xg1.o
LOAD ./init_mcu_efr32xg1.o
LOAD ./main.o
LOAD ./hardware/kit/common/bsp/bsp_stk.o
LOAD ./hardware/kit/common/drivers/retargetio.o
LOAD ./hardware/kit/common/drivers/retargetserial.o
LOAD ./platform/Device/SiliconLabs/MGM13/Source/GCC/startup_mgm13.o
LOAD ./platform/Device/SiliconLabs/MGM13/Source/system_mgm13.o
LOAD ./platform/emdrv/dmadrv/src/dmadrv.o
LOAD ./platform/emdrv/rtcdrv/src/rtcdriver.o
LOAD ./platform/emdrv/sleep/src/sleep.o
LOAD ./platform/emdrv/spidrv/src/spidrv.o
LOAD ./platform/emlib/src/em_assert.o
LOAD ./platform/emlib/src/em_burtc.o
LOAD ./platform/emlib/src/em_cmu.o
LOAD ./platform/emlib/src/em_core.o
LOAD ./platform/emlib/src/em_cryotimer.o
LOAD ./platform/emlib/src/em_crypto.o
LOAD ./platform/emlib/src/em_emu.o
LOAD ./platform/emlib/src/em_gpio.o
LOAD ./platform/emlib/src/em_i2c.o
LOAD ./platform/emlib/src/em_ldma.o
LOAD ./platform/emlib/src/em_msc.o
LOAD ./platform/emlib/src/em_rmu.o
LOAD ./platform/emlib/src/em_rtcc.o
LOAD ./platform/emlib/src/em_se.o
LOAD ./platform/emlib/src/em_system.o
LOAD ./platform/emlib/src/em_timer.o
LOAD ./platform/emlib/src/em_usart.o
LOAD C:\Users\samia\SimplicityStudio\v4_workspace\mgm13_bootstrap\protocol\bluetooth\lib\EFR32MG13P\GCC\libpsstore.a
LOAD C:\Users\samia\SimplicityStudio\v4_workspace\mgm13_bootstrap\protocol\bluetooth\lib\EFR32MG13P\GCC\binapploader.o
LOAD C:\Users\samia\SimplicityStudio\v4_workspace\mgm13_bootstrap\protocol\bluetooth\lib\EFR32MG13P\GCC\libmbedtls.a
LOAD C:\Users\samia\SimplicityStudio\v4_workspace\mgm13_bootstrap\protocol\bluetooth\lib\EFR32MG13P\GCC\libbluetooth.a
LOAD C:\Users\samia\SimplicityStudio\v4_workspace\mgm13_bootstrap\platform\radio\rail_lib\autogen\librail_release\librail_module_efr32xg13_gcc_release.a
LOAD C:\Users\samia\SimplicityStudio\v4_workspace\mgm13_bootstrap\platform\radio\rail_lib\autogen\librail_release\librail_config_mgm13s12f512ga_gcc.a
LOAD c:/siliconlabs/simplicitystudio/v4/developer/toolchains/gnu_arm/7.2_2017q4/bin/../lib/gcc/arm-none-eabi/7.2.1/../../../../arm-none-eabi/lib/thumb/v7e-m/fpv4-sp/softfp\libm.a
END GROUP
START GROUP
LOAD c:/siliconlabs/simplicitystudio/v4/developer/toolchains/gnu_arm/7.2_2017q4/bin/../lib/gcc/arm-none-eabi/7.2.1/thumb/v7e-m/fpv4-sp/softfp\libgcc.a
LOAD c:/siliconlabs/simplicitystudio/v4/developer/toolchains/gnu_arm/7.2_2017q4/bin/../lib/gcc/arm-none-eabi/7.2.1/../../../../arm-none-eabi/lib/thumb/v7e-m/fpv4-sp/softfp\libc_nano.a
LOAD c:/siliconlabs/simplicitystudio/v4/developer/toolchains/gnu_arm/7.2_2017q4/bin/../lib/gcc/arm-none-eabi/7.2.1/../../../../arm-none-eabi/lib/thumb/v7e-m/fpv4-sp/softfp\libnosys.a
END GROUP
START GROUP
LOAD c:/siliconlabs/simplicitystudio/v4/developer/toolchains/gnu_arm/7.2_2017q4/bin/../lib/gcc/arm-none-eabi/7.2.1/thumb/v7e-m/fpv4-sp/softfp\libgcc.a
LOAD c:/siliconlabs/simplicitystudio/v4/developer/toolchains/gnu_arm/7.2_2017q4/bin/../lib/gcc/arm-none-eabi/7.2.1/../../../../arm-none-eabi/lib/thumb/v7e-m/fpv4-sp/softfp\libg_nano.a
LOAD c:/siliconlabs/simplicitystudio/v4/developer/toolchains/gnu_arm/7.2_2017q4/bin/../lib/gcc/arm-none-eabi/7.2.1/../../../../arm-none-eabi/lib/thumb/v7e-m/fpv4-sp/softfp\libc_nano.a
END GROUP
START GROUP
LOAD c:/siliconlabs/simplicitystudio/v4/developer/toolchains/gnu_arm/7.2_2017q4/bin/../lib/gcc/arm-none-eabi/7.2.1/thumb/v7e-m/fpv4-sp/softfp\libgcc.a
LOAD c:/siliconlabs/simplicitystudio/v4/developer/toolchains/gnu_arm/7.2_2017q4/bin/../lib/gcc/arm-none-eabi/7.2.1/../../../../arm-none-eabi/lib/thumb/v7e-m/fpv4-sp/softfp\libc_nano.a
END GROUP
LOAD c:/siliconlabs/simplicitystudio/v4/developer/toolchains/gnu_arm/7.2_2017q4/bin/../lib/gcc/arm-none-eabi/7.2.1/thumb/v7e-m/fpv4-sp/softfp/crtend.o
LOAD c:/siliconlabs/simplicitystudio/v4/developer/toolchains/gnu_arm/7.2_2017q4/bin/../lib/gcc/arm-none-eabi/7.2.1/thumb/v7e-m/fpv4-sp/softfp/crtn.o

.rvectors       0x00000000        0x8
 *(.rvectors)
 .rvectors      0x00000000        0x8 ./platform/Device/SiliconLabs/MGM13/Source/GCC/startup_mgm13.o
                0x00000000                __RVectors
                0x00000008                __RVectors_End = .
                0x00000008                __RVectors_Size = (__RVectors_End - __RVectors)
                0x00000008                __end__ = .

.text           0x00070000     0x60a0
 *(.vectors)
 .vectors       0x00070000       0xfc ./platform/Device/SiliconLabs/MGM13/Source/GCC/startup_mgm13.o
                0x00070000                __Vectors
                0x000700fc                __Vectors_End = .
                0x000000fc                __Vectors_Size = (__Vectors_End - __Vectors)
                0x000700fc                __end__ = .
 *(.text*)
 .text          0x000700fc       0x40 c:/siliconlabs/simplicitystudio/v4/developer/toolchains/gnu_arm/7.2_2017q4/bin/../lib/gcc/arm-none-eabi/7.2.1/thumb/v7e-m/fpv4-sp/softfp/crtbegin.o
 .text          0x0007013c       0x74 c:/siliconlabs/simplicitystudio/v4/developer/toolchains/gnu_arm/7.2_2017q4/bin/../lib/gcc/arm-none-eabi/7.2.1/../../../../arm-none-eabi/lib/thumb/v7e-m/fpv4-sp/softfp/crt0.o
                0x0007013c                _start
                0x0007013c                _mainCRTStartup
 .text.initApp  0x000701b0        0x4 ./init_app.o
                0x000701b0                initApp
 .text.initBoard
                0x000701b4       0x20 ./init_board_efr32xg1.o
                0x000701b4                initBoard
 .text.initMcu  0x000701d4      0x120 ./init_mcu_efr32xg1.o
                0x000701d4                initMcu
 .text.deinitMcu
                0x000702f4       0x18 ./init_mcu_efr32xg1.o
                0x000702f4                deinitMcu
 .text.program_packet_receive
                0x0007030c       0x30 ./main.o
                0x0007030c                program_packet_receive
 .text.spixfr   0x0007033c       0x6c ./main.o
                0x0007033c                spixfr
 .text.STransferCB
                0x000703a8      0x248 ./main.o
                0x000703a8                STransferCB
 .text.start_resident
                0x000705f0       0x18 ./main.o
                0x000705f0                start_resident
 .text.startup.main
                0x00070608      0x100 ./main.o
                0x00070608                main
 .text._close   0x00070708        0x4 ./hardware/kit/common/drivers/retargetio.o
                0x00070708                _close
 .text._exit    0x0007070c        0x4 ./hardware/kit/common/drivers/retargetio.o
                0x0007070c                _exit
 .text._fstat   0x00070710        0xc ./hardware/kit/common/drivers/retargetio.o
                0x00070710                _fstat
 .text._isatty  0x0007071c        0x4 ./hardware/kit/common/drivers/retargetio.o
                0x0007071c                _isatty
 .text._lseek   0x00070720        0x4 ./hardware/kit/common/drivers/retargetio.o
                0x00070720                _lseek
 .text._read    0x00070724       0x2c ./hardware/kit/common/drivers/retargetio.o
                0x00070724                _read
 .text._sbrk    0x00070750       0x1c ./hardware/kit/common/drivers/retargetio.o
                0x00070750                _sbrk
 .text._write   0x0007076c       0x1c ./hardware/kit/common/drivers/retargetio.o
                0x0007076c                _write
 .text.USART0_RX_IRQHandler
                0x00070788       0x54 ./hardware/kit/common/drivers/retargetserial.o
                0x00070788                USART0_RX_IRQHandler
 .text.RETARGET_SerialInit
                0x000707dc       0xbc ./hardware/kit/common/drivers/retargetserial.o
                0x000707dc                RETARGET_SerialInit
 .text.RETARGET_ReadChar
                0x00070898       0x68 ./hardware/kit/common/drivers/retargetserial.o
                0x00070898                RETARGET_ReadChar
 .text.RETARGET_WriteChar
                0x00070900       0x48 ./hardware/kit/common/drivers/retargetserial.o
                0x00070900                RETARGET_WriteChar
 .text.Default_Handler
                0x00070948        0x4 ./platform/Device/SiliconLabs/MGM13/Source/GCC/startup_mgm13.o
                0x00070948                DebugMon_Handler
                0x00070948                USART0_TX_IRQHandler
                0x00070948                I2C0_IRQHandler
                0x00070948                HardFault_Handler
                0x00070948                SysTick_Handler
                0x00070948                USART1_RX_IRQHandler
                0x00070948                PendSV_Handler
                0x00070948                NMI_Handler
                0x00070948                I2C1_IRQHandler
                0x00070948                WTIMER0_IRQHandler
                0x00070948                CRYPTO0_IRQHandler
                0x00070948                WDOG0_IRQHandler
                0x00070948                USART1_TX_IRQHandler
                0x00070948                SMU_IRQHandler
                0x00070948                MSC_IRQHandler
                0x00070948                ADC0_IRQHandler
                0x00070948                UsageFault_Handler
                0x00070948                WDOG1_IRQHandler
                0x00070948                LEUART0_IRQHandler
                0x00070948                FPUEH_IRQHandler
                0x00070948                GPIO_EVEN_IRQHandler
                0x00070948                VDAC0_IRQHandler
                0x00070948                CSEN_IRQHandler
                0x00070948                CRYPTO1_IRQHandler
                0x00070948                TIMER0_IRQHandler
                0x00070948                LETIMER0_IRQHandler
                0x00070948                TIMER1_IRQHandler
                0x00070948                TRNG0_IRQHandler
                0x00070948                USART2_RX_IRQHandler
                0x00070948                Default_Handler
                0x00070948                EMU_IRQHandler
                0x00070948                CRYOTIMER_IRQHandler
                0x00070948                PCNT0_IRQHandler
                0x00070948                ACMP0_IRQHandler
                0x00070948                MemManage_Handler
                0x00070948                SVC_Handler
                0x00070948                CMU_IRQHandler
                0x00070948                GPIO_ODD_IRQHandler
                0x00070948                LESENSE_IRQHandler
                0x00070948                BusFault_Handler
                0x00070948                USART2_TX_IRQHandler
                0x00070948                IDAC0_IRQHandler
 .text.Reset_Handler
                0x0007094c       0x2c ./platform/Device/SiliconLabs/MGM13/Source/GCC/startup_mgm13.o
                0x0007094c                Reset_Handler
 .text.SystemMaxCoreClockGet
                0x00070978        0x8 ./platform/Device/SiliconLabs/MGM13/Source/system_mgm13.o
                0x00070978                SystemMaxCoreClockGet
 .text.SystemHFClockGet
                0x00070980       0x50 ./platform/Device/SiliconLabs/MGM13/Source/system_mgm13.o
                0x00070980                SystemHFClockGet
 .text.SystemCoreClockGet
                0x000709d0       0x24 ./platform/Device/SiliconLabs/MGM13/Source/system_mgm13.o
                0x000709d0                SystemCoreClockGet
 .text.SystemHFXOClockGet
                0x000709f4        0xc ./platform/Device/SiliconLabs/MGM13/Source/system_mgm13.o
                0x000709f4                SystemHFXOClockGet
 .text.SystemHFXOClockSet
                0x00070a00       0x3c ./platform/Device/SiliconLabs/MGM13/Source/system_mgm13.o
                0x00070a00                SystemHFXOClockSet
 .text.SystemInit
                0x00070a3c       0x1c ./platform/Device/SiliconLabs/MGM13/Source/system_mgm13.o
                0x00070a3c                SystemInit
 .text.SystemLFRCOClockGet
                0x00070a58        0x8 ./platform/Device/SiliconLabs/MGM13/Source/system_mgm13.o
                0x00070a58                SystemLFRCOClockGet
 .text.SystemULFRCOClockGet
                0x00070a60        0x8 ./platform/Device/SiliconLabs/MGM13/Source/system_mgm13.o
                0x00070a60                SystemULFRCOClockGet
 .text.SystemLFXOClockGet
                0x00070a68        0xc ./platform/Device/SiliconLabs/MGM13/Source/system_mgm13.o
                0x00070a68                SystemLFXOClockGet
 .text.StartTransfer
                0x00070a74      0x184 ./platform/emdrv/dmadrv/src/dmadrv.o
 .text.DMADRV_AllocateChannel
                0x00070bf8       0x5c ./platform/emdrv/dmadrv/src/dmadrv.o
                0x00070bf8                DMADRV_AllocateChannel
 .text.DMADRV_Init
                0x00070c54       0x70 ./platform/emdrv/dmadrv/src/dmadrv.o
                0x00070c54                DMADRV_Init
 .text.DMADRV_MemoryPeripheral
                0x00070cc4       0x34 ./platform/emdrv/dmadrv/src/dmadrv.o
                0x00070cc4                DMADRV_MemoryPeripheral
 .text.DMADRV_PeripheralMemory
                0x00070cf8       0x34 ./platform/emdrv/dmadrv/src/dmadrv.o
                0x00070cf8                DMADRV_PeripheralMemory
 .text.DMADRV_StopTransfer
                0x00070d2c       0x40 ./platform/emdrv/dmadrv/src/dmadrv.o
                0x00070d2c                DMADRV_StopTransfer
 .text.DMADRV_TransferActive
                0x00070d6c       0x50 ./platform/emdrv/dmadrv/src/dmadrv.o
                0x00070d6c                DMADRV_TransferActive
 .text.DMADRV_TransferCompletePending
                0x00070dbc       0x50 ./platform/emdrv/dmadrv/src/dmadrv.o
                0x00070dbc                DMADRV_TransferCompletePending
 .text.DMADRV_TransferRemainingCount
                0x00070e0c       0x4c ./platform/emdrv/dmadrv/src/dmadrv.o
                0x00070e0c                DMADRV_TransferRemainingCount
 .text.LDMA_IRQHandler
                0x00070e58       0x88 ./platform/emdrv/dmadrv/src/dmadrv.o
                0x00070e58                LDMA_IRQHandler
 .text.checkAllTimers
                0x00070ee0       0xbc ./platform/emdrv/rtcdrv/src/rtcdriver.o
 .text.rescheduleRtc
                0x00070f9c       0x7c ./platform/emdrv/rtcdrv/src/rtcdriver.o
 .text.RTCDRV_AllocateTimer
                0x00071018       0x5c ./platform/emdrv/rtcdrv/src/rtcdriver.o
                0x00071018                RTCDRV_AllocateTimer
 .text.RTCDRV_Init
                0x00071074       0xa4 ./platform/emdrv/rtcdrv/src/rtcdriver.o
                0x00071074                RTCDRV_Init
 .text.RTCDRV_StartTimer
                0x00071118      0x1f4 ./platform/emdrv/rtcdrv/src/rtcdriver.o
                0x00071118                RTCDRV_StartTimer
 .text.RTCDRV_StopTimer
                0x0007130c       0x50 ./platform/emdrv/rtcdrv/src/rtcdriver.o
                0x0007130c                RTCDRV_StopTimer
 .text.RTCC_IRQHandler
                0x0007135c       0x9c ./platform/emdrv/rtcdrv/src/rtcdriver.o
                0x0007135c                RTCC_IRQHandler
 .text.GetSpiPins
                0x000713f8      0x750 ./platform/emdrv/spidrv/src/spidrv.o
 .text.WaitForIdleLine
                0x00071b48       0x34 ./platform/emdrv/spidrv/src/spidrv.o
 .text.RxDMAComplete
                0x00071b7c       0x38 ./platform/emdrv/spidrv/src/spidrv.o
 .text.StartTransferDMA
                0x00071bb4       0x88 ./platform/emdrv/spidrv/src/spidrv.o
 .text.SlaveTimeout
                0x00071c3c       0x6c ./platform/emdrv/spidrv/src/spidrv.o
 .text.TransferApiPrologue.part.0
                0x00071ca8       0x2c ./platform/emdrv/spidrv/src/spidrv.o
 .text.SPIDRV_Init
                0x00071cd4      0x2b8 ./platform/emdrv/spidrv/src/spidrv.o
                0x00071cd4                SPIDRV_Init
 .text.SPIDRV_STransfer
                0x00071f8c       0x84 ./platform/emdrv/spidrv/src/spidrv.o
                0x00071f8c                SPIDRV_STransfer
 .text.flashWaitStateControl
                0x00072010       0x5c ./platform/emlib/src/em_cmu.o
 .text.flashWaitStateMax
                0x0007206c       0x24 ./platform/emlib/src/em_cmu.o
 .text.CMU_OscillatorTuningSet.part.2
                0x00072090       0x3c ./platform/emlib/src/em_cmu.o
 .text.CMU_UpdateWaitStates
                0x000720cc       0x1c ./platform/emlib/src/em_cmu.o
                0x000720cc                CMU_UpdateWaitStates
 .text.CMU_ClockEnable
                0x000720e8       0x94 ./platform/emlib/src/em_cmu.o
                0x000720e8                CMU_ClockEnable
 .text.CMU_ClockSelectGet
                0x0007217c       0xc4 ./platform/emlib/src/em_cmu.o
                0x0007217c                CMU_ClockSelectGet
 .text.lfClkGet
                0x00072240       0x94 ./platform/emlib/src/em_cmu.o
 .text.CMU_ClockFreqGet
                0x000722d4      0x1b8 ./platform/emlib/src/em_cmu.o
                0x000722d4                CMU_ClockFreqGet
 .text.CMU_OscillatorTuningWait
                0x0007248c       0x48 ./platform/emlib/src/em_cmu.o
                0x0007248c                CMU_OscillatorTuningWait
 .text.CMU_OscillatorEnable
                0x000724d4      0x120 ./platform/emlib/src/em_cmu.o
                0x000724d4                CMU_OscillatorEnable
 .text.CMU_ClockSelectSet
                0x000725f4      0x2a8 ./platform/emlib/src/em_cmu.o
                0x000725f4                CMU_ClockSelectSet
 .text.CMU_HFXOInit
                0x0007289c       0x7c ./platform/emlib/src/em_cmu.o
                0x0007289c                CMU_HFXOInit
 .text.CORE_EnterCritical
                0x00072918        0x8 ./platform/emlib/src/em_core.o
                0x00072918                CORE_EnterCritical
 .text.CORE_ExitCritical
                0x00072920        0x8 ./platform/emlib/src/em_core.o
                0x00072920                CORE_ExitCritical
 .text.CORE_EnterAtomic
                0x00072928        0x8 ./platform/emlib/src/em_core.o
                0x00072928                CORE_EnterAtomic
 .text.CORE_ExitAtomic
                0x00072930        0x4 ./platform/emlib/src/em_core.o
                0x00072930                CORE_ExitAtomic
 .text.lpGetDevinfoVrefLowHigh
                0x00072934       0xdc ./platform/emlib/src/em_emu.o
 .text.lpCmpHystCalibrationLoad.isra.2
                0x00072a10       0x60 ./platform/emlib/src/em_emu.o
 .text.EMU_VScaleEM01
                0x00072a70       0x78 ./platform/emlib/src/em_emu.o
                0x00072a70                EMU_VScaleEM01
 .text.EMU_VScaleEM01ByClock
                0x00072ae8       0x50 ./platform/emlib/src/em_emu.o
                0x00072ae8                EMU_VScaleEM01ByClock
 .text.EMU_EM01Init
                0x00072b38       0x14 ./platform/emlib/src/em_emu.o
                0x00072b38                EMU_EM01Init
 .text.EMU_EM23Init
                0x00072b4c       0x24 ./platform/emlib/src/em_emu.o
                0x00072b4c                EMU_EM23Init
 .text.EMU_DCDCModeSet
                0x00072b70       0x84 ./platform/emlib/src/em_emu.o
                0x00072b70                EMU_DCDCModeSet
 .text.EMU_DCDCOutputVoltageSet
                0x00072bf4      0x16c ./platform/emlib/src/em_emu.o
                0x00072bf4                EMU_DCDCOutputVoltageSet
 .text.EMU_DCDCOptimizeSlice
                0x00072d60       0xf8 ./platform/emlib/src/em_emu.o
                0x00072d60                EMU_DCDCOptimizeSlice
 .text.EMU_DCDCInit
                0x00072e58      0x10c ./platform/emlib/src/em_emu.o
                0x00072e58                EMU_DCDCInit
 .text.GPIO_PinModeSet
                0x00072f64       0x94 ./platform/emlib/src/em_gpio.o
                0x00072f64                GPIO_PinModeSet
 .text.LDMA_Init
                0x00072ff8       0x58 ./platform/emlib/src/em_ldma.o
                0x00072ff8                LDMA_Init
 .text.LDMA_StartTransfer
                0x00073050       0xa0 ./platform/emlib/src/em_ldma.o
                0x00073050                LDMA_StartTransfer
 .text.LDMA_StopTransfer
                0x000730f0       0x2c ./platform/emlib/src/em_ldma.o
                0x000730f0                LDMA_StopTransfer
 .text.LDMA_TransferRemainingCount
                0x0007311c       0x40 ./platform/emlib/src/em_ldma.o
                0x0007311c                LDMA_TransferRemainingCount
 .text.MSC_Init
                0x0007315c       0x20 ./platform/emlib/src/em_msc.o
                0x0007315c                MSC_Init
 .text.MSC_Deinit
                0x0007317c       0x14 ./platform/emlib/src/em_msc.o
                0x0007317c                MSC_Deinit
 .text.RTCC_ChannelInit
                0x00073190       0x38 ./platform/emlib/src/em_rtcc.o
                0x00073190                RTCC_ChannelInit
 .text.RTCC_Init
                0x000731c8       0x64 ./platform/emlib/src/em_rtcc.o
                0x000731c8                RTCC_Init
 .text.USART_BaudrateAsyncSet
                0x0007322c       0x68 ./platform/emlib/src/em_usart.o
                0x0007322c                USART_BaudrateAsyncSet
 .text.USART_Enable
                0x00073294       0x10 ./platform/emlib/src/em_usart.o
                0x00073294                USART_Enable
 .text.USART_InitAsync
                0x000732a4       0xb8 ./platform/emlib/src/em_usart.o
                0x000732a4                USART_InitAsync
 .text.USART_InitSync
                0x0007335c       0xe0 ./platform/emlib/src/em_usart.o
                0x0007335c                USART_InitSync
 .text.USART_Rx
                0x0007343c        0xc ./platform/emlib/src/em_usart.o
                0x0007343c                USART_Rx
 .text.USART_Tx
                0x00073448        0xc ./platform/emlib/src/em_usart.o
                0x00073448                USART_Tx
 .text.RAILCb_AssertFailed
                0x00073454        0x2 C:\Users\samia\SimplicityStudio\v4_workspace\mgm13_bootstrap\protocol\bluetooth\lib\EFR32MG13P\GCC\libbluetooth.a(ll_radio.c.obj)
                0x00073454                RAILCb_AssertFailed
 .text.RAILCore_Idle.part.2
                0x00073456        0xc C:\Users\samia\SimplicityStudio\v4_workspace\mgm13_bootstrap\platform\radio\rail_lib\autogen\librail_release\librail_module_efr32xg13_gcc_release.a(rail_rf.o)
 .text.RAILCore_Idle
                0x00073462       0x14 C:\Users\samia\SimplicityStudio\v4_workspace\mgm13_bootstrap\platform\radio\rail_lib\autogen\librail_release\librail_module_efr32xg13_gcc_release.a(rail_rf.o)
                0x00073462                RAILINT_c5804fbffcb4bb00ba2d55e8180afacd
 *fill*         0x00073476        0x2 
 .text.RAILInt_Assert
                0x00073478       0x1c C:\Users\samia\SimplicityStudio\v4_workspace\mgm13_bootstrap\platform\radio\rail_lib\autogen\librail_release\librail_module_efr32xg13_gcc_release.a(rail_assert.o)
                0x00073478                RAILINT_999bd22c50df2f99ce048cba68f11c3a
 .text.RFSENSE_IRQHandler
                0x00073494       0x10 C:\Users\samia\SimplicityStudio\v4_workspace\mgm13_bootstrap\platform\radio\rail_lib\autogen\librail_release\librail_module_efr32xg13_gcc_release.a(rfhal_rfsense.o)
                0x00073494                RFSENSE_IRQHandler
 .text.eventDefault
                0x000734a4        0x2 C:\Users\samia\SimplicityStudio\v4_workspace\mgm13_bootstrap\platform\radio\rail_lib\autogen\librail_release\librail_module_efr32xg13_gcc_release.a(rail_rf_hal.o)
 .text.RFHAL_Idle
                0x000734a6       0x2a C:\Users\samia\SimplicityStudio\v4_workspace\mgm13_bootstrap\platform\radio\rail_lib\autogen\librail_release\librail_module_efr32xg13_gcc_release.a(rail_rf_hal.o)
                0x000734a6                RAILINT_3041ee68c2b41950b0bf839d27f5d049
 .text.RFHAL_GetRadioState
                0x000734d0       0x48 C:\Users\samia\SimplicityStudio\v4_workspace\mgm13_bootstrap\platform\radio\rail_lib\autogen\librail_release\librail_module_efr32xg13_gcc_release.a(rail_rf_hal.o)
                0x000734d0                RAILINT_f5d04763af9c9c69bca278c1fb1e9fea
 .text.RFHAL_RestoreTxPreambleLength
                0x00073518       0x34 C:\Users\samia\SimplicityStudio\v4_workspace\mgm13_bootstrap\platform\radio\rail_lib\autogen\librail_release\librail_module_efr32xg13_gcc_release.a(rail_rf_hal.o)
                0x00073518                RAILINT_fec111ae6546d8c16e58044c8f6d2b09
 *fill*         0x0007354c        0x4 
 .text.GENERIC_PHY_EventCallback
                0x00073550      0x1bc C:\Users\samia\SimplicityStudio\v4_workspace\mgm13_bootstrap\platform\radio\rail_lib\autogen\librail_release\librail_module_efr32xg13_gcc_release.a(rail_rf_hal.o)
                0x00073550                RAILINT_7d94510f515617be26a284cc8096bd57
 .text.RAILInt_PendCal
                0x0007370c       0x24 C:\Users\samia\SimplicityStudio\v4_workspace\mgm13_bootstrap\platform\radio\rail_lib\autogen\librail_release\librail_module_efr32xg13_gcc_release.a(rail_calibration.o)
                0x0007370c                RAILINT_3f0b6529856489702e1c986caf70e7aa
 .text.checkAndAddRxLenOverflowEntry.part.1
                0x00073730       0x34 C:\Users\samia\SimplicityStudio\v4_workspace\mgm13_bootstrap\platform\radio\rail_lib\autogen\librail_release\librail_module_efr32xg13_gcc_release.a(rfhal_bufc.o)
 .text.BUFC_WriteBuffer
                0x00073764       0xb0 C:\Users\samia\SimplicityStudio\v4_workspace\mgm13_bootstrap\platform\radio\rail_lib\autogen\librail_release\librail_module_efr32xg13_gcc_release.a(rfhal_bufc.o)
                0x00073764                RAILINT_5a1f8c6c11575b3b85ca7be599aaafeb
 .text.BUFC_GetBytesAvailable
                0x00073814       0x14 C:\Users\samia\SimplicityStudio\v4_workspace\mgm13_bootstrap\platform\radio\rail_lib\autogen\librail_release\librail_module_efr32xg13_gcc_release.a(rfhal_bufc.o)
                0x00073814                RAILINT_87ca22770b2c0e007720e383f3143457
 .text.BUFC_TxAckBufferSet
                0x00073828       0x2c C:\Users\samia\SimplicityStudio\v4_workspace\mgm13_bootstrap\platform\radio\rail_lib\autogen\librail_release\librail_module_efr32xg13_gcc_release.a(rfhal_bufc.o)
                0x00073828                RAILINT_93e90587b91cd23310b71dbf4dabe4b2
 .text.BUFC_RxBufferReset
                0x00073854       0xa4 C:\Users\samia\SimplicityStudio\v4_workspace\mgm13_bootstrap\platform\radio\rail_lib\autogen\librail_release\librail_module_efr32xg13_gcc_release.a(rfhal_bufc.o)
                0x00073854                RAILINT_ea701df21b15aeabbf4f1b9be517a6fb
 .text.BUFC_ReleaseRxPacket
                0x000738f8      0x148 C:\Users\samia\SimplicityStudio\v4_workspace\mgm13_bootstrap\platform\radio\rail_lib\autogen\librail_release\librail_module_efr32xg13_gcc_release.a(rfhal_bufc.o)
                0x000738f8                RAILINT_e5f98ee4df05ffeec0898fd3dfcac7ef
 .text.BUFC_StartRxLenThrEvent
                0x00073a40       0x50 C:\Users\samia\SimplicityStudio\v4_workspace\mgm13_bootstrap\platform\radio\rail_lib\autogen\librail_release\librail_module_efr32xg13_gcc_release.a(rfhal_bufc.o)
                0x00073a40                RAILINT_5028a6b9d4ee8edd2bfa4ed98465cea4
 .text.BUFC_EndRxLenThrEvent
                0x00073a90       0x1c C:\Users\samia\SimplicityStudio\v4_workspace\mgm13_bootstrap\platform\radio\rail_lib\autogen\librail_release\librail_module_efr32xg13_gcc_release.a(rfhal_bufc.o)
                0x00073a90                RAILINT_c2c512a3329b63216a276e6e941de4c7
 .text.BUFC_HandleRxLenOvfEvent
                0x00073aac       0x30 C:\Users\samia\SimplicityStudio\v4_workspace\mgm13_bootstrap\platform\radio\rail_lib\autogen\librail_release\librail_module_efr32xg13_gcc_release.a(rfhal_bufc.o)
                0x00073aac                RAILINT_317b2845ec8597b7fc18708aa55d49e9
 .text.PA_RunPeakDetectorHigh
                0x00073adc       0x40 C:\Users\samia\SimplicityStudio\v4_workspace\mgm13_bootstrap\platform\radio\rail_lib\autogen\librail_release\librail_module_efr32xg13_gcc_release.a(rfhal_pa.o)
                0x00073adc                RAILINT_204c67562ebd95621b58d539bdea400e
 .text.PA_RunPeakDetectorLow
                0x00073b1c        0x2 C:\Users\samia\SimplicityStudio\v4_workspace\mgm13_bootstrap\platform\radio\rail_lib\autogen\librail_release\librail_module_efr32xg13_gcc_release.a(rfhal_pa.o)
                0x00073b1c                RAILINT_04af9313654bef3ab5e8e115199470b6
 *fill*         0x00073b1e        0x2 
 .text.PA_RunBatHigh
                0x00073b20       0x2c C:\Users\samia\SimplicityStudio\v4_workspace\mgm13_bootstrap\platform\radio\rail_lib\autogen\librail_release\librail_module_efr32xg13_gcc_release.a(rfhal_pa.o)
                0x00073b20                RAILINT_88c41a8a6f5616d99a71beb0476597f0
 .text.PROTIMER_CCTimerStop
                0x00073b4c       0x20 C:\Users\samia\SimplicityStudio\v4_workspace\mgm13_bootstrap\platform\radio\rail_lib\autogen\librail_release\librail_module_efr32xg13_gcc_release.a(rfhal_protimer.o)
                0x00073b4c                RAILINT_a02b12e9c2bb9c2eaabcbe30bdd2b3ab
 .text.PROTIMER_CCTimerIsEnabled
                0x00073b6c       0x14 C:\Users\samia\SimplicityStudio\v4_workspace\mgm13_bootstrap\platform\radio\rail_lib\autogen\librail_release\librail_module_efr32xg13_gcc_release.a(rfhal_protimer.o)
                0x00073b6c                RAILINT_d36178d195ebf16dc405b3d94462d8c7
 .text.PROTIMER_ClearRxEnable
                0x00073b80       0x10 C:\Users\samia\SimplicityStudio\v4_workspace\mgm13_bootstrap\platform\radio\rail_lib\autogen\librail_release\librail_module_efr32xg13_gcc_release.a(rfhal_protimer.o)
                0x00073b80                RAILINT_e179e0cd81ce6f553eab65f76ba8995f
 .text.PROTIMER_GetTime
                0x00073b90       0x38 C:\Users\samia\SimplicityStudio\v4_workspace\mgm13_bootstrap\platform\radio\rail_lib\autogen\librail_release\librail_module_efr32xg13_gcc_release.a(rfhal_protimer.o)
                0x00073b90                RAILINT_d4d3f20345046551073e85d6afba339a
 .text.PROTIMER_LBTStop
                0x00073bc8       0x18 C:\Users\samia\SimplicityStudio\v4_workspace\mgm13_bootstrap\platform\radio\rail_lib\autogen\librail_release\librail_module_efr32xg13_gcc_release.a(rfhal_protimer.o)
                0x00073bc8                RAILINT_29c9defa35830e42db517a1c47cc114e
 .text.PROTIMER_PrecntOverflowToUs
                0x00073be0       0x34 C:\Users\samia\SimplicityStudio\v4_workspace\mgm13_bootstrap\platform\radio\rail_lib\autogen\librail_release\librail_module_efr32xg13_gcc_release.a(rfhal_protimer.o)
                0x00073be0                RAILINT_1dfb7146b6c340088be45e5b808844a9
 .text.PROTIMER_GetUsTime
                0x00073c14       0x18 C:\Users\samia\SimplicityStudio\v4_workspace\mgm13_bootstrap\platform\radio\rail_lib\autogen\librail_release\librail_module_efr32xg13_gcc_release.a(rfhal_protimer.o)
                0x00073c14                RAILINT_c5c43894280e7e5d092359ee0e4a3bcb
 .text.PROTIMER_DelayUs
                0x00073c2c       0x16 C:\Users\samia\SimplicityStudio\v4_workspace\mgm13_bootstrap\platform\radio\rail_lib\autogen\librail_release\librail_module_efr32xg13_gcc_release.a(rfhal_protimer.o)
                0x00073c2c                RAILINT_a3bef6a1689acfc8f4c844439ceb733c
 *fill*         0x00073c42        0x2 
 .text.PTI_AuxdataOutput
                0x00073c44       0x1c C:\Users\samia\SimplicityStudio\v4_workspace\mgm13_bootstrap\platform\radio\rail_lib\autogen\librail_release\librail_module_efr32xg13_gcc_release.a(rfhal_pti.o)
                0x00073c44                PTI_AuxdataOutput
 .text.RADIO_IsRxOnForRssi
                0x00073c60       0x18 C:\Users\samia\SimplicityStudio\v4_workspace\mgm13_bootstrap\platform\radio\rail_lib\autogen\librail_release\librail_module_efr32xg13_gcc_release.a(rfhal_radio.o)
                0x00073c60                RAILINT_583160a38ded29811f0bca4a5d912643
 .text.RADIO_GetRssi
                0x00073c78       0x64 C:\Users\samia\SimplicityStudio\v4_workspace\mgm13_bootstrap\platform\radio\rail_lib\autogen\librail_release\librail_module_efr32xg13_gcc_release.a(rfhal_radio.o)
                0x00073c78                RAILINT_49c1638648869baaf18ca93f541e7dd3
 .text.PRORTC_IRQHandler
                0x00073cdc       0x10 C:\Users\samia\SimplicityStudio\v4_workspace\mgm13_bootstrap\platform\radio\rail_lib\autogen\librail_release\librail_module_efr32xg13_gcc_release.a(rfhal_rtccsync.o)
                0x00073cdc                PRORTC_IRQHandler
 .text.SYNTH_Is2p4GHz
                0x00073cec       0x14 C:\Users\samia\SimplicityStudio\v4_workspace\mgm13_bootstrap\platform\radio\rail_lib\autogen\librail_release\librail_module_efr32xg13_gcc_release.a(rfhal_synth.o)
                0x00073cec                RAILINT_a251f7a856caa576ae8912471cc9f388
 .text.GENERIC_PHY_EnableDisableInt
                0x00073d00       0x22 C:\Users\samia\SimplicityStudio\v4_workspace\mgm13_bootstrap\platform\radio\rail_lib\autogen\librail_release\librail_module_efr32xg13_gcc_release.a(generic_phy.o)
 *fill*         0x00073d22        0x2 
 .text.GENERIC_PHY_ConfigureRollbackReporting
                0x00073d24       0x68 C:\Users\samia\SimplicityStudio\v4_workspace\mgm13_bootstrap\platform\radio\rail_lib\autogen\librail_release\librail_module_efr32xg13_gcc_release.a(generic_phy.o)
 .text.GENERIC_PHY_ClearPendedRxWindowEnd
                0x00073d8c       0x1c C:\Users\samia\SimplicityStudio\v4_workspace\mgm13_bootstrap\platform\radio\rail_lib\autogen\librail_release\librail_module_efr32xg13_gcc_release.a(generic_phy.o)
 .text.RADIO_RACRxAbort
                0x00073da8       0x3c C:\Users\samia\SimplicityStudio\v4_workspace\mgm13_bootstrap\platform\radio\rail_lib\autogen\librail_release\librail_module_efr32xg13_gcc_release.a(generic_phy.o)
 .text.GENERIC_PHY_DisableRadioIrqs
                0x00073de4       0x98 C:\Users\samia\SimplicityStudio\v4_workspace\mgm13_bootstrap\platform\radio\rail_lib\autogen\librail_release\librail_module_efr32xg13_gcc_release.a(generic_phy.o)
 .text.GENERIC_PHY_CheckPendedRxWindowEnd
                0x00073e7c       0x44 C:\Users\samia\SimplicityStudio\v4_workspace\mgm13_bootstrap\platform\radio\rail_lib\autogen\librail_release\librail_module_efr32xg13_gcc_release.a(generic_phy.o)
 .text.GENERIC_PHY_ConfigureEvents
                0x00073ec0      0x2d8 C:\Users\samia\SimplicityStudio\v4_workspace\mgm13_bootstrap\platform\radio\rail_lib\autogen\librail_release\librail_module_efr32xg13_gcc_release.a(generic_phy.o)
                0x00073ec0                RAILINT_549ae7c6edbff50f2340752aad688b72
 .text.GENERIC_PHY_SeqAtomicLock
                0x00074198       0x34 C:\Users\samia\SimplicityStudio\v4_workspace\mgm13_bootstrap\platform\radio\rail_lib\autogen\librail_release\librail_module_efr32xg13_gcc_release.a(generic_phy.o)
                0x00074198                RAILINT_9abb371cecd1acb6f4540a93e27c2b42
 .text.GENERIC_PHY_ResetRxFifo
                0x000741cc       0x30 C:\Users\samia\SimplicityStudio\v4_workspace\mgm13_bootstrap\platform\radio\rail_lib\autogen\librail_release\librail_module_efr32xg13_gcc_release.a(generic_phy.o)
                0x000741cc                RAILINT_26621d98bc1a2dc74b7093edea89d850
 .text.GENERIC_PHY_RadioIdle
                0x000741fc      0x15c C:\Users\samia\SimplicityStudio\v4_workspace\mgm13_bootstrap\platform\radio\rail_lib\autogen\librail_release\librail_module_efr32xg13_gcc_release.a(generic_phy.o)
                0x000741fc                RAILINT_232b67d119ad2a1a23589ef6ecfa72b8
 .text.FRC_IRQHandler
                0x00074358      0x54c C:\Users\samia\SimplicityStudio\v4_workspace\mgm13_bootstrap\platform\radio\rail_lib\autogen\librail_release\librail_module_efr32xg13_gcc_release.a(generic_phy.o)
                0x00074358                FRC_IRQHandler
 .text.FRC_PRI_IRQHandler
                0x000748a4        0x4 C:\Users\samia\SimplicityStudio\v4_workspace\mgm13_bootstrap\platform\radio\rail_lib\autogen\librail_release\librail_module_efr32xg13_gcc_release.a(generic_phy.o)
                0x000748a4                FRC_PRI_IRQHandler
 .text.BUFC_IRQHandler
                0x000748a8        0x4 C:\Users\samia\SimplicityStudio\v4_workspace\mgm13_bootstrap\platform\radio\rail_lib\autogen\librail_release\librail_module_efr32xg13_gcc_release.a(generic_phy.o)
                0x000748a8                BUFC_IRQHandler
 .text.PROTIMER_IRQHandler
                0x000748ac        0x4 C:\Users\samia\SimplicityStudio\v4_workspace\mgm13_bootstrap\platform\radio\rail_lib\autogen\librail_release\librail_module_efr32xg13_gcc_release.a(generic_phy.o)
                0x000748ac                PROTIMER_IRQHandler
 .text.RAC_SEQ_IRQHandler
                0x000748b0        0x4 C:\Users\samia\SimplicityStudio\v4_workspace\mgm13_bootstrap\platform\radio\rail_lib\autogen\librail_release\librail_module_efr32xg13_gcc_release.a(generic_phy.o)
                0x000748b0                RAC_SEQ_IRQHandler
 .text.RAILCb_RadioStateChanged
                0x000748b4       0x14 C:\Users\samia\SimplicityStudio\v4_workspace\mgm13_bootstrap\platform\radio\rail_lib\autogen\librail_release\librail_module_efr32xg13_gcc_release.a(generic_phy.o)
                0x000748b4                RAILCb_RadioStateChanged
 .text.RAC_RSM_IRQHandler
                0x000748c8       0x48 C:\Users\samia\SimplicityStudio\v4_workspace\mgm13_bootstrap\platform\radio\rail_lib\autogen\librail_release\librail_module_efr32xg13_gcc_release.a(generic_phy.o)
                0x000748c8                RAC_RSM_IRQHandler
 .text.MODEM_IRQHandler
                0x00074910        0x4 C:\Users\samia\SimplicityStudio\v4_workspace\mgm13_bootstrap\platform\radio\rail_lib\autogen\librail_release\librail_module_efr32xg13_gcc_release.a(generic_phy.o)
                0x00074910                MODEM_IRQHandler
 .text.AGC_IRQHandler
                0x00074914       0x40 C:\Users\samia\SimplicityStudio\v4_workspace\mgm13_bootstrap\platform\radio\rail_lib\autogen\librail_release\librail_module_efr32xg13_gcc_release.a(generic_phy.o)
                0x00074914                AGC_IRQHandler
 .text.SYNTH_IRQHandler
                0x00074954       0x10 C:\Users\samia\SimplicityStudio\v4_workspace\mgm13_bootstrap\platform\radio\rail_lib\autogen\librail_release\librail_module_efr32xg13_gcc_release.a(generic_phy.o)
                0x00074954                SYNTH_IRQHandler
 .text          0x00074964       0x30 c:/siliconlabs/simplicitystudio/v4/developer/toolchains/gnu_arm/7.2_2017q4/bin/../lib/gcc/arm-none-eabi/7.2.1/thumb/v7e-m/fpv4-sp/softfp\libgcc.a(_aeabi_uldivmod.o)
                0x00074964                __aeabi_uldivmod
 .text          0x00074994      0x2cc c:/siliconlabs/simplicitystudio/v4/developer/toolchains/gnu_arm/7.2_2017q4/bin/../lib/gcc/arm-none-eabi/7.2.1/thumb/v7e-m/fpv4-sp/softfp\libgcc.a(_udivmoddi4.o)
                0x00074994                __udivmoddi4
 .text          0x00074c60        0x4 c:/siliconlabs/simplicitystudio/v4/developer/toolchains/gnu_arm/7.2_2017q4/bin/../lib/gcc/arm-none-eabi/7.2.1/thumb/v7e-m/fpv4-sp/softfp\libgcc.a(_dvmd_tls.o)
                0x00074c60                __aeabi_idiv0
                0x00074c60                __aeabi_ldiv0
 .text.exit     0x00074c64       0x28 c:/siliconlabs/simplicitystudio/v4/developer/toolchains/gnu_arm/7.2_2017q4/bin/../lib/gcc/arm-none-eabi/7.2.1/../../../../arm-none-eabi/lib/thumb/v7e-m/fpv4-sp/softfp\libc_nano.a(lib_a-exit.o)
                0x00074c64                exit
 .text.__libc_init_array
                0x00074c8c       0x48 c:/siliconlabs/simplicitystudio/v4/developer/toolchains/gnu_arm/7.2_2017q4/bin/../lib/gcc/arm-none-eabi/7.2.1/../../../../arm-none-eabi/lib/thumb/v7e-m/fpv4-sp/softfp\libc_nano.a(lib_a-init.o)
                0x00074c8c                __libc_init_array
 .text.malloc   0x00074cd4       0x10 c:/siliconlabs/simplicitystudio/v4/developer/toolchains/gnu_arm/7.2_2017q4/bin/../lib/gcc/arm-none-eabi/7.2.1/../../../../arm-none-eabi/lib/thumb/v7e-m/fpv4-sp/softfp\libc_nano.a(lib_a-malloc.o)
                0x00074cd4                malloc
 .text.memcpy   0x00074ce4       0x16 c:/siliconlabs/simplicitystudio/v4/developer/toolchains/gnu_arm/7.2_2017q4/bin/../lib/gcc/arm-none-eabi/7.2.1/../../../../arm-none-eabi/lib/thumb/v7e-m/fpv4-sp/softfp\libc_nano.a(lib_a-memcpy-stub.o)
                0x00074ce4                memcpy
 .text.memset   0x00074cfa       0x10 c:/siliconlabs/simplicitystudio/v4/developer/toolchains/gnu_arm/7.2_2017q4/bin/../lib/gcc/arm-none-eabi/7.2.1/../../../../arm-none-eabi/lib/thumb/v7e-m/fpv4-sp/softfp\libc_nano.a(lib_a-memset.o)
                0x00074cfa                memset
 *fill*         0x00074d0a        0x2 
 .text._free_r  0x00074d0c       0x9c c:/siliconlabs/simplicitystudio/v4/developer/toolchains/gnu_arm/7.2_2017q4/bin/../lib/gcc/arm-none-eabi/7.2.1/../../../../arm-none-eabi/lib/thumb/v7e-m/fpv4-sp/softfp\libc_nano.a(lib_a-nano-freer.o)
                0x00074d0c                _free_r
 .text._malloc_r
                0x00074da8       0xb4 c:/siliconlabs/simplicitystudio/v4/developer/toolchains/gnu_arm/7.2_2017q4/bin/../lib/gcc/arm-none-eabi/7.2.1/../../../../arm-none-eabi/lib/thumb/v7e-m/fpv4-sp/softfp\libc_nano.a(lib_a-nano-mallocr.o)
                0x00074da8                _malloc_r
 .text.printf   0x00074e5c       0x30 c:/siliconlabs/simplicitystudio/v4/developer/toolchains/gnu_arm/7.2_2017q4/bin/../lib/gcc/arm-none-eabi/7.2.1/../../../../arm-none-eabi/lib/thumb/v7e-m/fpv4-sp/softfp\libc_nano.a(lib_a-printf.o)
                0x00074e5c                iprintf
                0x00074e5c                printf
 .text._puts_r  0x00074e8c       0xb8 c:/siliconlabs/simplicitystudio/v4/developer/toolchains/gnu_arm/7.2_2017q4/bin/../lib/gcc/arm-none-eabi/7.2.1/../../../../arm-none-eabi/lib/thumb/v7e-m/fpv4-sp/softfp\libc_nano.a(lib_a-puts.o)
                0x00074e8c                _puts_r
 .text.puts     0x00074f44       0x10 c:/siliconlabs/simplicitystudio/v4/developer/toolchains/gnu_arm/7.2_2017q4/bin/../lib/gcc/arm-none-eabi/7.2.1/../../../../arm-none-eabi/lib/thumb/v7e-m/fpv4-sp/softfp\libc_nano.a(lib_a-puts.o)
                0x00074f44                puts
 .text._sbrk_r  0x00074f54       0x20 c:/siliconlabs/simplicitystudio/v4/developer/toolchains/gnu_arm/7.2_2017q4/bin/../lib/gcc/arm-none-eabi/7.2.1/../../../../arm-none-eabi/lib/thumb/v7e-m/fpv4-sp/softfp\libc_nano.a(lib_a-sbrkr.o)
                0x00074f54                _sbrk_r
 .text.setvbuf  0x00074f74      0x15c c:/siliconlabs/simplicitystudio/v4/developer/toolchains/gnu_arm/7.2_2017q4/bin/../lib/gcc/arm-none-eabi/7.2.1/../../../../arm-none-eabi/lib/thumb/v7e-m/fpv4-sp/softfp\libc_nano.a(lib_a-setvbuf.o)
                0x00074f74                setvbuf
 .text.__swbuf_r
                0x000750d0       0xa4 c:/siliconlabs/simplicitystudio/v4/developer/toolchains/gnu_arm/7.2_2017q4/bin/../lib/gcc/arm-none-eabi/7.2.1/../../../../arm-none-eabi/lib/thumb/v7e-m/fpv4-sp/softfp\libc_nano.a(lib_a-wbuf.o)
                0x000750d0                __swbuf_r
 .text.__swsetup_r
                0x00075174       0xdc c:/siliconlabs/simplicitystudio/v4/developer/toolchains/gnu_arm/7.2_2017q4/bin/../lib/gcc/arm-none-eabi/7.2.1/../../../../arm-none-eabi/lib/thumb/v7e-m/fpv4-sp/softfp\libc_nano.a(lib_a-wsetup.o)
                0x00075174                __swsetup_r
 .text.__sflush_r
                0x00075250      0x10c c:/siliconlabs/simplicitystudio/v4/developer/toolchains/gnu_arm/7.2_2017q4/bin/../lib/gcc/arm-none-eabi/7.2.1/../../../../arm-none-eabi/lib/thumb/v7e-m/fpv4-sp/softfp\libc_nano.a(lib_a-fflush.o)
                0x00075250                __sflush_r
 .text._fflush_r
                0x0007535c       0x54 c:/siliconlabs/simplicitystudio/v4/developer/toolchains/gnu_arm/7.2_2017q4/bin/../lib/gcc/arm-none-eabi/7.2.1/../../../../arm-none-eabi/lib/thumb/v7e-m/fpv4-sp/softfp\libc_nano.a(lib_a-fflush.o)
                0x0007535c                _fflush_r
 .text.std      0x000753b0       0x48 c:/siliconlabs/simplicitystudio/v4/developer/toolchains/gnu_arm/7.2_2017q4/bin/../lib/gcc/arm-none-eabi/7.2.1/../../../../arm-none-eabi/lib/thumb/v7e-m/fpv4-sp/softfp\libc_nano.a(lib_a-findfp.o)
 .text._cleanup_r
                0x000753f8        0xc c:/siliconlabs/simplicitystudio/v4/developer/toolchains/gnu_arm/7.2_2017q4/bin/../lib/gcc/arm-none-eabi/7.2.1/../../../../arm-none-eabi/lib/thumb/v7e-m/fpv4-sp/softfp\libc_nano.a(lib_a-findfp.o)
                0x000753f8                _cleanup_r
 .text.__sfmoreglue
                0x00075404       0x2c c:/siliconlabs/simplicitystudio/v4/developer/toolchains/gnu_arm/7.2_2017q4/bin/../lib/gcc/arm-none-eabi/7.2.1/../../../../arm-none-eabi/lib/thumb/v7e-m/fpv4-sp/softfp\libc_nano.a(lib_a-findfp.o)
                0x00075404                __sfmoreglue
 .text.__sinit  0x00075430       0x60 c:/siliconlabs/simplicitystudio/v4/developer/toolchains/gnu_arm/7.2_2017q4/bin/../lib/gcc/arm-none-eabi/7.2.1/../../../../arm-none-eabi/lib/thumb/v7e-m/fpv4-sp/softfp\libc_nano.a(lib_a-findfp.o)
                0x00075430                __sinit
 .text.__sfp    0x00075490       0x78 c:/siliconlabs/simplicitystudio/v4/developer/toolchains/gnu_arm/7.2_2017q4/bin/../lib/gcc/arm-none-eabi/7.2.1/../../../../arm-none-eabi/lib/thumb/v7e-m/fpv4-sp/softfp\libc_nano.a(lib_a-findfp.o)
                0x00075490                __sfp
 .text._fwalk_reent
                0x00075508       0x3c c:/siliconlabs/simplicitystudio/v4/developer/toolchains/gnu_arm/7.2_2017q4/bin/../lib/gcc/arm-none-eabi/7.2.1/../../../../arm-none-eabi/lib/thumb/v7e-m/fpv4-sp/softfp\libc_nano.a(lib_a-fwalk.o)
                0x00075508                _fwalk_reent
 .text.__swhatbuf_r
                0x00075544       0x48 c:/siliconlabs/simplicitystudio/v4/developer/toolchains/gnu_arm/7.2_2017q4/bin/../lib/gcc/arm-none-eabi/7.2.1/../../../../arm-none-eabi/lib/thumb/v7e-m/fpv4-sp/softfp\libc_nano.a(lib_a-makebuf.o)
                0x00075544                __swhatbuf_r
 .text.__smakebuf_r
                0x0007558c       0x80 c:/siliconlabs/simplicitystudio/v4/developer/toolchains/gnu_arm/7.2_2017q4/bin/../lib/gcc/arm-none-eabi/7.2.1/../../../../arm-none-eabi/lib/thumb/v7e-m/fpv4-sp/softfp\libc_nano.a(lib_a-makebuf.o)
                0x0007558c                __smakebuf_r
 .text.__malloc_lock
                0x0007560c        0x2 c:/siliconlabs/simplicitystudio/v4/developer/toolchains/gnu_arm/7.2_2017q4/bin/../lib/gcc/arm-none-eabi/7.2.1/../../../../arm-none-eabi/lib/thumb/v7e-m/fpv4-sp/softfp\libc_nano.a(lib_a-mlock.o)
                0x0007560c                __malloc_lock
 .text.__malloc_unlock
                0x0007560e        0x2 c:/siliconlabs/simplicitystudio/v4/developer/toolchains/gnu_arm/7.2_2017q4/bin/../lib/gcc/arm-none-eabi/7.2.1/../../../../arm-none-eabi/lib/thumb/v7e-m/fpv4-sp/softfp\libc_nano.a(lib_a-mlock.o)
                0x0007560e                __malloc_unlock
 .text.__sfputc_r
                0x00075610       0x2e c:/siliconlabs/simplicitystudio/v4/developer/toolchains/gnu_arm/7.2_2017q4/bin/../lib/gcc/arm-none-eabi/7.2.1/../../../../arm-none-eabi/lib/thumb/v7e-m/fpv4-sp/softfp\libc_nano.a(lib_a-nano-vfprintf.o)
 .text.__sfputs_r
                0x0007563e       0x24 c:/siliconlabs/simplicitystudio/v4/developer/toolchains/gnu_arm/7.2_2017q4/bin/../lib/gcc/arm-none-eabi/7.2.1/../../../../arm-none-eabi/lib/thumb/v7e-m/fpv4-sp/softfp\libc_nano.a(lib_a-nano-vfprintf.o)
                0x0007563e                __sfputs_r
 *fill*         0x00075662        0x2 
 .text._vfprintf_r
                0x00075664      0x228 c:/siliconlabs/simplicitystudio/v4/developer/toolchains/gnu_arm/7.2_2017q4/bin/../lib/gcc/arm-none-eabi/7.2.1/../../../../arm-none-eabi/lib/thumb/v7e-m/fpv4-sp/softfp\libc_nano.a(lib_a-nano-vfprintf.o)
                0x00075664                _vfprintf_r
                0x00075664                _vfiprintf_r
 .text._printf_common
                0x0007588c       0xea c:/siliconlabs/simplicitystudio/v4/developer/toolchains/gnu_arm/7.2_2017q4/bin/../lib/gcc/arm-none-eabi/7.2.1/../../../../arm-none-eabi/lib/thumb/v7e-m/fpv4-sp/softfp\libc_nano.a(lib_a-nano-vfprintf_i.o)
                0x0007588c                _printf_common
 *fill*         0x00075976        0x2 
 .text._printf_i
                0x00075978      0x224 c:/siliconlabs/simplicitystudio/v4/developer/toolchains/gnu_arm/7.2_2017q4/bin/../lib/gcc/arm-none-eabi/7.2.1/../../../../arm-none-eabi/lib/thumb/v7e-m/fpv4-sp/softfp\libc_nano.a(lib_a-nano-vfprintf_i.o)
                0x00075978                _printf_i
 .text.__sread  0x00075b9c       0x22 c:/siliconlabs/simplicitystudio/v4/developer/toolchains/gnu_arm/7.2_2017q4/bin/../lib/gcc/arm-none-eabi/7.2.1/../../../../arm-none-eabi/lib/thumb/v7e-m/fpv4-sp/softfp\libc_nano.a(lib_a-stdio.o)
                0x00075b9c                __sread
 .text.__swrite
                0x00075bbe       0x38 c:/siliconlabs/simplicitystudio/v4/developer/toolchains/gnu_arm/7.2_2017q4/bin/../lib/gcc/arm-none-eabi/7.2.1/../../../../arm-none-eabi/lib/thumb/v7e-m/fpv4-sp/softfp\libc_nano.a(lib_a-stdio.o)
                0x00075bbe                __swrite
 .text.__sseek  0x00075bf6       0x24 c:/siliconlabs/simplicitystudio/v4/developer/toolchains/gnu_arm/7.2_2017q4/bin/../lib/gcc/arm-none-eabi/7.2.1/../../../../arm-none-eabi/lib/thumb/v7e-m/fpv4-sp/softfp\libc_nano.a(lib_a-stdio.o)
                0x00075bf6                __sseek
 .text.__sclose
                0x00075c1a        0x8 c:/siliconlabs/simplicitystudio/v4/developer/toolchains/gnu_arm/7.2_2017q4/bin/../lib/gcc/arm-none-eabi/7.2.1/../../../../arm-none-eabi/lib/thumb/v7e-m/fpv4-sp/softfp\libc_nano.a(lib_a-stdio.o)
                0x00075c1a                __sclose
 *fill*         0x00075c22        0x2 
 .text._write_r
                0x00075c24       0x24 c:/siliconlabs/simplicitystudio/v4/developer/toolchains/gnu_arm/7.2_2017q4/bin/../lib/gcc/arm-none-eabi/7.2.1/../../../../arm-none-eabi/lib/thumb/v7e-m/fpv4-sp/softfp\libc_nano.a(lib_a-writer.o)
                0x00075c24                _write_r
 .text._close_r
                0x00075c48       0x20 c:/siliconlabs/simplicitystudio/v4/developer/toolchains/gnu_arm/7.2_2017q4/bin/../lib/gcc/arm-none-eabi/7.2.1/../../../../arm-none-eabi/lib/thumb/v7e-m/fpv4-sp/softfp\libc_nano.a(lib_a-closer.o)
                0x00075c48                _close_r
 .text._fstat_r
                0x00075c68       0x24 c:/siliconlabs/simplicitystudio/v4/developer/toolchains/gnu_arm/7.2_2017q4/bin/../lib/gcc/arm-none-eabi/7.2.1/../../../../arm-none-eabi/lib/thumb/v7e-m/fpv4-sp/softfp\libc_nano.a(lib_a-fstatr.o)
                0x00075c68                _fstat_r
 .text._isatty_r
                0x00075c8c       0x20 c:/siliconlabs/simplicitystudio/v4/developer/toolchains/gnu_arm/7.2_2017q4/bin/../lib/gcc/arm-none-eabi/7.2.1/../../../../arm-none-eabi/lib/thumb/v7e-m/fpv4-sp/softfp\libc_nano.a(lib_a-isattyr.o)
                0x00075c8c                _isatty_r
 .text._lseek_r
                0x00075cac       0x24 c:/siliconlabs/simplicitystudio/v4/developer/toolchains/gnu_arm/7.2_2017q4/bin/../lib/gcc/arm-none-eabi/7.2.1/../../../../arm-none-eabi/lib/thumb/v7e-m/fpv4-sp/softfp\libc_nano.a(lib_a-lseekr.o)
                0x00075cac                _lseek_r
 .text          0x00075cd0       0xa0 c:/siliconlabs/simplicitystudio/v4/developer/toolchains/gnu_arm/7.2_2017q4/bin/../lib/gcc/arm-none-eabi/7.2.1/../../../../arm-none-eabi/lib/thumb/v7e-m/fpv4-sp/softfp\libc_nano.a(lib_a-memchr.o)
                0x00075cd0                memchr
 .text._read_r  0x00075d70       0x24 c:/siliconlabs/simplicitystudio/v4/developer/toolchains/gnu_arm/7.2_2017q4/bin/../lib/gcc/arm-none-eabi/7.2.1/../../../../arm-none-eabi/lib/thumb/v7e-m/fpv4-sp/softfp\libc_nano.a(lib_a-readr.o)
                0x00075d70                _read_r
 *(.init)
 .init          0x00075d94        0x4 c:/siliconlabs/simplicitystudio/v4/developer/toolchains/gnu_arm/7.2_2017q4/bin/../lib/gcc/arm-none-eabi/7.2.1/thumb/v7e-m/fpv4-sp/softfp/crti.o
                0x00075d94                _init
 .init          0x00075d98        0x8 c:/siliconlabs/simplicitystudio/v4/developer/toolchains/gnu_arm/7.2_2017q4/bin/../lib/gcc/arm-none-eabi/7.2.1/thumb/v7e-m/fpv4-sp/softfp/crtn.o
 *(.fini)
 .fini          0x00075da0        0x4 c:/siliconlabs/simplicitystudio/v4/developer/toolchains/gnu_arm/7.2_2017q4/bin/../lib/gcc/arm-none-eabi/7.2.1/thumb/v7e-m/fpv4-sp/softfp/crti.o
                0x00075da0                _fini
 .fini          0x00075da4        0x8 c:/siliconlabs/simplicitystudio/v4/developer/toolchains/gnu_arm/7.2_2017q4/bin/../lib/gcc/arm-none-eabi/7.2.1/thumb/v7e-m/fpv4-sp/softfp/crtn.o
 *fill*         0x00075dac        0x4 
 .fini.__stub   0x00075db0       0x10 linker stubs
 *crtbegin.o(.ctors)
 *crtbegin?.o(.ctors)
 *(EXCLUDE_FILE(*crtend.o *crtend?.o) .ctors)
 *(SORT_BY_NAME(.ctors.*))
 *(.ctors)
 *crtbegin.o(.dtors)
 *crtbegin?.o(.dtors)
 *(EXCLUDE_FILE(*crtend.o *crtend?.o) .dtors)
 *(SORT_BY_NAME(.dtors.*))
 *(.dtors)
 *(.rodata*)
 .rodata        0x00075dc0       0x2d ./init_mcu_efr32xg1.o
 *fill*         0x00075ded        0x3 
 .rodata        0x00075df0       0x1c ./main.o
 .rodata.STransferCB.str1.4
                0x00075e0c       0x9c ./main.o
 .rodata.main.str1.4
                0x00075ea8       0xec ./main.o
                                 0xea (size before relaxing)
 .rodata        0x00075f94       0x1c ./hardware/kit/common/drivers/retargetserial.o
 .rodata        0x00075fb0        0x4 ./platform/emdrv/dmadrv/src/dmadrv.o
 .rodata        0x00075fb4       0x18 ./platform/emdrv/spidrv/src/spidrv.o
 .rodata.CSWTCH.43
                0x00075fcc        0x6 ./platform/emlib/src/em_cmu.o
 *fill*         0x00075fd2        0x2 
 .rodata.CSWTCH.44
                0x00075fd4        0x4 ./platform/emlib/src/em_cmu.o
 .rodata.CSWTCH.45
                0x00075fd8        0x4 ./platform/emlib/src/em_cmu.o
 .rodata.flashWsTable
                0x00075fdc       0x28 ./platform/emlib/src/em_cmu.o
 .rodata._global_impure_ptr
                0x00076004        0x4 c:/siliconlabs/simplicitystudio/v4/developer/toolchains/gnu_arm/7.2_2017q4/bin/../lib/gcc/arm-none-eabi/7.2.1/../../../../arm-none-eabi/lib/thumb/v7e-m/fpv4-sp/softfp\libc_nano.a(lib_a-impure.o)
                0x00076004                _global_impure_ptr
 .rodata.__sf_fake_stderr
                0x00076008       0x20 c:/siliconlabs/simplicitystudio/v4/developer/toolchains/gnu_arm/7.2_2017q4/bin/../lib/gcc/arm-none-eabi/7.2.1/../../../../arm-none-eabi/lib/thumb/v7e-m/fpv4-sp/softfp\libc_nano.a(lib_a-findfp.o)
                0x00076008                __sf_fake_stderr
 .rodata.__sf_fake_stdin
                0x00076028       0x20 c:/siliconlabs/simplicitystudio/v4/developer/toolchains/gnu_arm/7.2_2017q4/bin/../lib/gcc/arm-none-eabi/7.2.1/../../../../arm-none-eabi/lib/thumb/v7e-m/fpv4-sp/softfp\libc_nano.a(lib_a-findfp.o)
                0x00076028                __sf_fake_stdin
 .rodata.__sf_fake_stdout
                0x00076048       0x20 c:/siliconlabs/simplicitystudio/v4/developer/toolchains/gnu_arm/7.2_2017q4/bin/../lib/gcc/arm-none-eabi/7.2.1/../../../../arm-none-eabi/lib/thumb/v7e-m/fpv4-sp/softfp\libc_nano.a(lib_a-findfp.o)
                0x00076048                __sf_fake_stdout
 .rodata._vfprintf_r.str1.1
                0x00076068       0x11 c:/siliconlabs/simplicitystudio/v4/developer/toolchains/gnu_arm/7.2_2017q4/bin/../lib/gcc/arm-none-eabi/7.2.1/../../../../arm-none-eabi/lib/thumb/v7e-m/fpv4-sp/softfp\libc_nano.a(lib_a-nano-vfprintf.o)
 .rodata._printf_i.str1.1
                0x00076079       0x22 c:/siliconlabs/simplicitystudio/v4/developer/toolchains/gnu_arm/7.2_2017q4/bin/../lib/gcc/arm-none-eabi/7.2.1/../../../../arm-none-eabi/lib/thumb/v7e-m/fpv4-sp/softfp\libc_nano.a(lib_a-nano-vfprintf_i.o)
 *(.eh_frame*)
 *fill*         0x0007609b        0x1 
 .eh_frame      0x0007609c        0x0 c:/siliconlabs/simplicitystudio/v4/developer/toolchains/gnu_arm/7.2_2017q4/bin/../lib/gcc/arm-none-eabi/7.2.1/thumb/v7e-m/fpv4-sp/softfp/crtbegin.o
 .eh_frame      0x0007609c        0x4 c:/siliconlabs/simplicitystudio/v4/developer/toolchains/gnu_arm/7.2_2017q4/bin/../lib/gcc/arm-none-eabi/7.2.1/thumb/v7e-m/fpv4-sp/softfp/crtend.o

.glue_7         0x000760a0        0x0
 .glue_7        0x000760a0        0x0 linker stubs

.glue_7t        0x000760a0        0x0
 .glue_7t       0x000760a0        0x0 linker stubs

.vfp11_veneer   0x000760a0        0x0
 .vfp11_veneer  0x000760a0        0x0 linker stubs

.v4_bx          0x000760a0        0x0
 .v4_bx         0x000760a0        0x0 linker stubs

.iplt           0x000760a0        0x0
 .iplt          0x000760a0        0x0 c:/siliconlabs/simplicitystudio/v4/developer/toolchains/gnu_arm/7.2_2017q4/bin/../lib/gcc/arm-none-eabi/7.2.1/thumb/v7e-m/fpv4-sp/softfp/crtbegin.o

.ARM.extab
 *(.ARM.extab* .gnu.linkonce.armextab.*)
                0x000760a0                __exidx_start = .

.ARM.exidx      0x000760a0        0x8
 *(.ARM.exidx* .gnu.linkonce.armexidx.*)
 .ARM.exidx     0x000760a0        0x8 c:/siliconlabs/simplicitystudio/v4/developer/toolchains/gnu_arm/7.2_2017q4/bin/../lib/gcc/arm-none-eabi/7.2.1/../../../../arm-none-eabi/lib/thumb/v7e-m/fpv4-sp/softfp/crt0.o
 .ARM.exidx     0x000760a8        0x0 c:/siliconlabs/simplicitystudio/v4/developer/toolchains/gnu_arm/7.2_2017q4/bin/../lib/gcc/arm-none-eabi/7.2.1/thumb/v7e-m/fpv4-sp/softfp\libgcc.a(_udivmoddi4.o)
                                  0x8 (size before relaxing)
                0x000760a8                __exidx_end = .
                0x000760a8                __etext = .

.rel.dyn        0x000760a8        0x0
 .rel.iplt      0x000760a8        0x0 c:/siliconlabs/simplicitystudio/v4/developer/toolchains/gnu_arm/7.2_2017q4/bin/../lib/gcc/arm-none-eabi/7.2.1/thumb/v7e-m/fpv4-sp/softfp/crtbegin.o

.data           0x20000000      0x398 load address 0x000760a8
                0x20000000                __data_start__ = .
 *(vtable)
 *(.data*)
 .data.handleSlave
                0x20000000        0x4 ./main.o
                0x20000000                handleSlave
 .data.magicval
                0x20000004        0x4 ./main.o
                0x20000004                magicval
 .data.SystemCoreClock
                0x20000008        0x4 ./platform/Device/SiliconLabs/MGM13/Source/system_mgm13.o
                0x20000008                SystemCoreClock
 .data.SystemHFXOClock
                0x2000000c        0x4 ./platform/Device/SiliconLabs/MGM13/Source/system_mgm13.o
 .data.SystemHfrcoFreq
                0x20000010        0x4 ./platform/Device/SiliconLabs/MGM13/Source/system_mgm13.o
                0x20000010                SystemHfrcoFreq
 .data.SystemLFXOClock
                0x20000014        0x4 ./platform/Device/SiliconLabs/MGM13/Source/system_mgm13.o
 .data.initRTCC
                0x20000018        0x9 ./platform/emdrv/rtcdrv/src/rtcdriver.o
 *fill*         0x20000021        0x3 
 .data.initRTCCCompareChannel
                0x20000024        0x7 ./platform/emdrv/rtcdrv/src/rtcdriver.o
 *fill*         0x2000002b        0x1 
 .data.auxHfrcoFreq
                0x2000002c        0x4 ./platform/emlib/src/em_cmu.o
 .data.errorCodeEncountered
                0x20000030        0x4 C:\Users\samia\SimplicityStudio\v4_workspace\mgm13_bootstrap\platform\radio\rail_lib\autogen\librail_release\librail_module_efr32xg13_gcc_release.a(rail_assert.o)
 .data.eventCb  0x20000034        0x4 C:\Users\samia\SimplicityStudio\v4_workspace\mgm13_bootstrap\platform\radio\rail_lib\autogen\librail_release\librail_module_efr32xg13_gcc_release.a(rail_rf_hal.o)
 .data.lastTxAckPacketTimeTicks
                0x20000038        0x4 C:\Users\samia\SimplicityStudio\v4_workspace\mgm13_bootstrap\platform\radio\rail_lib\autogen\librail_release\librail_module_efr32xg13_gcc_release.a(rail_rf_hal.o)
 .data.lastTxPacketTimeTicks
                0x2000003c        0x4 C:\Users\samia\SimplicityStudio\v4_workspace\mgm13_bootstrap\platform\radio\rail_lib\autogen\librail_release\librail_module_efr32xg13_gcc_release.a(rail_rf_hal.o)
 .data._impure_ptr
                0x20000040        0x4 c:/siliconlabs/simplicitystudio/v4/developer/toolchains/gnu_arm/7.2_2017q4/bin/../lib/gcc/arm-none-eabi/7.2.1/../../../../arm-none-eabi/lib/thumb/v7e-m/fpv4-sp/softfp\libc_nano.a(lib_a-impure.o)
                0x20000040                _impure_ptr
 .data.impure_data
                0x20000044       0x60 c:/siliconlabs/simplicitystudio/v4/developer/toolchains/gnu_arm/7.2_2017q4/bin/../lib/gcc/arm-none-eabi/7.2.1/../../../../arm-none-eabi/lib/thumb/v7e-m/fpv4-sp/softfp\libc_nano.a(lib_a-impure.o)
                0x200000a4                . = ALIGN (0x4)
 *(.ram)
 .ram           0x200000a4      0x2ec ./platform/emlib/src/em_msc.o
                0x200000a4                MSC_ErasePage
                0x20000180                MSC_MassErase
                0x200001c8                MSC_LoadWriteData
                0x20000284                MSC_WriteWordI
                0x20000344                MSC_WriteWord
                0x2000034c                MSC_WriteWordFast
                0x20000354                MSC_LoadVerifyAddress
                0x2000038c                mscRfAssertEFM
                0x20000390                . = ALIGN (0x4)
                0x20000390                PROVIDE (__preinit_array_start, .)
 *(.preinit_array)
                0x20000390                PROVIDE (__preinit_array_end, .)
                0x20000390                . = ALIGN (0x4)
                0x20000390                PROVIDE (__init_array_start, .)
 *(SORT_BY_NAME(.init_array.*))
 *(.init_array)
 .init_array    0x20000390        0x4 c:/siliconlabs/simplicitystudio/v4/developer/toolchains/gnu_arm/7.2_2017q4/bin/../lib/gcc/arm-none-eabi/7.2.1/thumb/v7e-m/fpv4-sp/softfp/crtbegin.o
                0x20000394                PROVIDE (__init_array_end, .)
                0x20000394                . = ALIGN (0x4)
                [!provide]                PROVIDE (__fini_array_start, .)
 *(SORT_BY_NAME(.fini_array.*))
 *(.fini_array)
 .fini_array    0x20000394        0x4 c:/siliconlabs/simplicitystudio/v4/developer/toolchains/gnu_arm/7.2_2017q4/bin/../lib/gcc/arm-none-eabi/7.2.1/thumb/v7e-m/fpv4-sp/softfp/crtbegin.o
                [!provide]                PROVIDE (__fini_array_end, .)
 *(.jcr*)
                0x20000398                . = ALIGN (0x4)
                0x20000398                __data_end__ = .

.igot.plt       0x20000398        0x0 load address 0x00076440
 .igot.plt      0x20000398        0x0 c:/siliconlabs/simplicitystudio/v4/developer/toolchains/gnu_arm/7.2_2017q4/bin/../lib/gcc/arm-none-eabi/7.2.1/thumb/v7e-m/fpv4-sp/softfp/crtbegin.o

.bss            0x20000398     0x13c0 load address 0x00076440
                0x20000398                . = ALIGN (0x4)
                0x20000398                __bss_start__ = .
 *(.bss*)
 .bss           0x20000398       0x1c c:/siliconlabs/simplicitystudio/v4/developer/toolchains/gnu_arm/7.2_2017q4/bin/../lib/gcc/arm-none-eabi/7.2.1/thumb/v7e-m/fpv4-sp/softfp/crtbegin.o
 .bss.heap_end.8482
                0x200003b4        0x4 ./hardware/kit/common/drivers/retargetio.o
 .bss.LFtoCRLF  0x200003b8        0x1 ./hardware/kit/common/drivers/retargetserial.o
 .bss.initialized
                0x200003b9        0x1 ./hardware/kit/common/drivers/retargetserial.o
 *fill*         0x200003ba        0x2 
 .bss.rxBuffer  0x200003bc        0x8 ./hardware/kit/common/drivers/retargetserial.o
 .bss.rxCount   0x200003c4        0x4 ./hardware/kit/common/drivers/retargetserial.o
 .bss.rxReadIndex
                0x200003c8        0x4 ./hardware/kit/common/drivers/retargetserial.o
 .bss.rxWriteIndex
                0x200003cc        0x4 ./hardware/kit/common/drivers/retargetserial.o
 .bss.chTable   0x200003d0       0x80 ./platform/emdrv/dmadrv/src/dmadrv.o
 .bss.dmaXfer   0x20000450      0x100 ./platform/emdrv/dmadrv/src/dmadrv.o
 .bss.initialized
                0x20000550        0x1 ./platform/emdrv/dmadrv/src/dmadrv.o
 .bss.inTimerIRQ
                0x20000551        0x1 ./platform/emdrv/rtcdrv/src/rtcdriver.o
 *fill*         0x20000552        0x2 
 .bss.lastStart
                0x20000554        0x4 ./platform/emdrv/rtcdrv/src/rtcdriver.o
 .bss.rtcRunning
                0x20000558        0x1 ./platform/emdrv/rtcdrv/src/rtcdriver.o
 .bss.rtcdrvIsInitialized
                0x20000559        0x1 ./platform/emdrv/rtcdrv/src/rtcdriver.o
 *fill*         0x2000055a        0x2 
 .bss.startTimerNestingLevel
                0x2000055c        0x4 ./platform/emdrv/rtcdrv/src/rtcdriver.o
 .bss.timer     0x20000560       0xa0 ./platform/emdrv/rtcdrv/src/rtcdriver.o
 .bss.spidrvIsInitialized
                0x20000600        0x1 ./platform/emdrv/spidrv/src/spidrv.o
 *fill*         0x20000601        0x1 
 .bss.dcdcEm01LoadCurrent_mA
                0x20000602        0x2 ./platform/emlib/src/em_emu.o
 .bss.dcdcMaxCurrent_mA
                0x20000604        0x2 ./platform/emlib/src/em_emu.o
 .bss.dcdcReverseCurrentControl
                0x20000606        0x2 ./platform/emlib/src/em_emu.o
 .bss.vScaleEM01Config
                0x20000608        0x1 ./platform/emlib/src/em_emu.o
 *fill*         0x20000609        0x3 
 .bss.RAIL_ActiveHandle
                0x2000060c        0x4 C:\Users\samia\SimplicityStudio\v4_workspace\mgm13_bootstrap\platform\radio\rail_lib\autogen\librail_release\librail_module_efr32xg13_gcc_release.a(rail_singleprotocol.o)
                0x2000060c                RAIL_ActiveHandle
 .bss.RFSENSE_Handler
                0x20000610        0x4 C:\Users\samia\SimplicityStudio\v4_workspace\mgm13_bootstrap\platform\radio\rail_lib\autogen\librail_release\librail_module_efr32xg13_gcc_release.a(rfhal_rfsense.o)
 .bss.cachedPacketHandle
                0x20000614        0x4 C:\Users\samia\SimplicityStudio\v4_workspace\mgm13_bootstrap\platform\radio\rail_lib\autogen\librail_release\librail_module_efr32xg13_gcc_release.a(rail_rf_hal.o)
 .bss.saveRssiPeriod
                0x20000618        0x4 C:\Users\samia\SimplicityStudio\v4_workspace\mgm13_bootstrap\platform\radio\rail_lib\autogen\librail_release\librail_module_efr32xg13_gcc_release.a(rail_rf_hal.o)
 .bss.savedTxPreambleCycles
                0x2000061c        0x2 C:\Users\samia\SimplicityStudio\v4_workspace\mgm13_bootstrap\platform\radio\rail_lib\autogen\librail_release\librail_module_efr32xg13_gcc_release.a(rail_rf_hal.o)
 .bss.timerExpired
                0x2000061e        0x1 C:\Users\samia\SimplicityStudio\v4_workspace\mgm13_bootstrap\platform\radio\rail_lib\autogen\librail_release\librail_module_efr32xg13_gcc_release.a(rail_rf_hal.o)
 *fill*         0x2000061f        0x1 
 .bss.timerExpiredCb
                0x20000620        0x4 C:\Users\samia\SimplicityStudio\v4_workspace\mgm13_bootstrap\platform\radio\rail_lib\autogen\librail_release\librail_module_efr32xg13_gcc_release.a(rail_rf_hal.o)
 .bss.timerExpiredCbArg
                0x20000624        0x4 C:\Users\samia\SimplicityStudio\v4_workspace\mgm13_bootstrap\platform\radio\rail_lib\autogen\librail_release\librail_module_efr32xg13_gcc_release.a(rail_rf_hal.o)
 .bss.BUFC_RxLenBufferAligned
                0x20000628       0x80 C:\Users\samia\SimplicityStudio\v4_workspace\mgm13_bootstrap\platform\radio\rail_lib\autogen\librail_release\librail_module_efr32xg13_gcc_release.a(rfhal_bufc.o)
 .bss.BUFC_RxLenBufferReadOffset
                0x200006a8        0x2 C:\Users\samia\SimplicityStudio\v4_workspace\mgm13_bootstrap\platform\radio\rail_lib\autogen\librail_release\librail_module_efr32xg13_gcc_release.a(rfhal_bufc.o)
 .bss.BUFC_RxLenBufferThreshold
                0x200006aa        0x2 C:\Users\samia\SimplicityStudio\v4_workspace\mgm13_bootstrap\platform\radio\rail_lib\autogen\librail_release\librail_module_efr32xg13_gcc_release.a(rfhal_bufc.o)
 .bss.callbackRxLenEntry
                0x200006ac        0x4 C:\Users\samia\SimplicityStudio\v4_workspace\mgm13_bootstrap\platform\radio\rail_lib\autogen\librail_release\librail_module_efr32xg13_gcc_release.a(rfhal_bufc.o)
 .bss.precntRatioFrac
                0x200006b0        0x4 C:\Users\samia\SimplicityStudio\v4_workspace\mgm13_bootstrap\platform\radio\rail_lib\autogen\librail_release\librail_module_efr32xg13_gcc_release.a(rfhal_protimer.o)
 .bss.precntRatioInt
                0x200006b4        0x4 C:\Users\samia\SimplicityStudio\v4_workspace\mgm13_bootstrap\platform\radio\rail_lib\autogen\librail_release\librail_module_efr32xg13_gcc_release.a(rfhal_protimer.o)
 .bss.wrapCntOverflows
                0x200006b8        0x1 C:\Users\samia\SimplicityStudio\v4_workspace\mgm13_bootstrap\platform\radio\rail_lib\autogen\librail_release\librail_module_efr32xg13_gcc_release.a(rfhal_protimer.o)
                0x200006b8                RAILINT_e5f4ab5f9633a49f5f9f04c898d5be7a
 *fill*         0x200006b9        0x3 
 .bss.enabledPhyEvents
                0x200006bc        0x4 C:\Users\samia\SimplicityStudio\v4_workspace\mgm13_bootstrap\platform\radio\rail_lib\autogen\librail_release\librail_module_efr32xg13_gcc_release.a(generic_phy.o)
 .bss.enabledRailEvents
                0x200006c0        0x8 C:\Users\samia\SimplicityStudio\v4_workspace\mgm13_bootstrap\platform\radio\rail_lib\autogen\librail_release\librail_module_efr32xg13_gcc_release.a(generic_phy.o)
 .bss.inCallback
                0x200006c8        0x1 C:\Users\samia\SimplicityStudio\v4_workspace\mgm13_bootstrap\platform\radio\rail_lib\autogen\librail_release\librail_module_efr32xg13_gcc_release.a(generic_phy.o)
 .bss.overrideRxRollback
                0x200006c9        0x1 C:\Users\samia\SimplicityStudio\v4_workspace\mgm13_bootstrap\platform\radio\rail_lib\autogen\librail_release\librail_module_efr32xg13_gcc_release.a(generic_phy.o)
 .bss.pendedRxWindowEnd
                0x200006ca        0x1 C:\Users\samia\SimplicityStudio\v4_workspace\mgm13_bootstrap\platform\radio\rail_lib\autogen\librail_release\librail_module_efr32xg13_gcc_release.a(generic_phy.o)
 .bss.scheduledRx
                0x200006cb        0x1 C:\Users\samia\SimplicityStudio\v4_workspace\mgm13_bootstrap\platform\radio\rail_lib\autogen\librail_release\librail_module_efr32xg13_gcc_release.a(generic_phy.o)
 .bss.scheduledRxHardEnd
                0x200006cc        0x1 C:\Users\samia\SimplicityStudio\v4_workspace\mgm13_bootstrap\platform\radio\rail_lib\autogen\librail_release\librail_module_efr32xg13_gcc_release.a(generic_phy.o)
 .bss.scheduledRxLoop
                0x200006cd        0x1 C:\Users\samia\SimplicityStudio\v4_workspace\mgm13_bootstrap\platform\radio\rail_lib\autogen\librail_release\librail_module_efr32xg13_gcc_release.a(generic_phy.o)
 *fill*         0x200006ce        0x2 
 .bss.__malloc_free_list
                0x200006d0        0x4 c:/siliconlabs/simplicitystudio/v4/developer/toolchains/gnu_arm/7.2_2017q4/bin/../lib/gcc/arm-none-eabi/7.2.1/../../../../arm-none-eabi/lib/thumb/v7e-m/fpv4-sp/softfp\libc_nano.a(lib_a-nano-mallocr.o)
                0x200006d0                __malloc_free_list
 .bss.__malloc_sbrk_start
                0x200006d4        0x4 c:/siliconlabs/simplicitystudio/v4/developer/toolchains/gnu_arm/7.2_2017q4/bin/../lib/gcc/arm-none-eabi/7.2.1/../../../../arm-none-eabi/lib/thumb/v7e-m/fpv4-sp/softfp\libc_nano.a(lib_a-nano-mallocr.o)
                0x200006d4                __malloc_sbrk_start
 *(COMMON)
 COMMON         0x200006d8     0x106c ./main.o
                0x200006d8                goaddr
                0x200006dc                pkttxlen
                0x200006e0                pkttxbuf
                0x20000ee0                pktrxlen
                0x20000ee4                fladdr
                0x20000ee8                spistate
                0x20000eec                pktrxbuf
                0x200016ec                handleDataSlave
 COMMON         0x20001744        0xd C:\Users\samia\SimplicityStudio\v4_workspace\mgm13_bootstrap\platform\radio\rail_lib\autogen\librail_release\librail_module_efr32xg13_gcc_release.a(rfhal_protimer.o)
                0x20001744                RAILINT_e89d7eb2c00ac15736a92a0731fafade
                0x20001748                RAILINT_a9ffd85fdeaa19a8eaa79494d28ea023
                0x2000174c                RAILINT_8a869172492fd52037b11475c864ae39
 *fill*         0x20001751        0x3 
 COMMON         0x20001754        0x4 c:/siliconlabs/simplicitystudio/v4/developer/toolchains/gnu_arm/7.2_2017q4/bin/../lib/gcc/arm-none-eabi/7.2.1/../../../../arm-none-eabi/lib/thumb/v7e-m/fpv4-sp/softfp\libc_nano.a(lib_a-reent.o)
                0x20001754                errno
                0x20001758                . = ALIGN (0x4)
                0x20001758                __bss_end__ = .

.heap           0x20001758      0xd00
                0x20001758                __HeapBase = .
                0x20001758                __end__ = .
                0x20001758                end = __end__
                0x20001758                _end = __end__
 *(.heap*)
 .heap          0x20001758      0xd00 ./platform/Device/SiliconLabs/MGM13/Source/GCC/startup_mgm13.o
                0x20002458                __HeapLimit = .

.stack_dummy    0x20002458      0x800
 *(.stack*)
 .stack         0x20002458      0x800 ./platform/Device/SiliconLabs/MGM13/Source/GCC/startup_mgm13.o
                0x20010000                __StackTop = (ORIGIN (RAM) + LENGTH (RAM))
                0x2000f800                __StackLimit = (__StackTop - SIZEOF (.stack_dummy))
                0x20010000                PROVIDE (__stack, __StackTop)
                0x00000001                ASSERT ((__StackLimit >= __HeapLimit), region RAM overflowed with stack)
                0x00000001                ASSERT (((ORIGIN (BOOTFLASH) + LENGTH (BOOTFLASH)) >= (__etext + SIZEOF (.data))), BOOTFLASH memory overflowed !)
OUTPUT(mgm13_bootstrap.axf elf32-littlearm)

.ARM.attributes
                0x00000000       0x2e
 .ARM.attributes
                0x00000000       0x22 c:/siliconlabs/simplicitystudio/v4/developer/toolchains/gnu_arm/7.2_2017q4/bin/../lib/gcc/arm-none-eabi/7.2.1/thumb/v7e-m/fpv4-sp/softfp/crti.o
 .ARM.attributes
                0x00000022       0x32 c:/siliconlabs/simplicitystudio/v4/developer/toolchains/gnu_arm/7.2_2017q4/bin/../lib/gcc/arm-none-eabi/7.2.1/thumb/v7e-m/fpv4-sp/softfp/crtbegin.o
 .ARM.attributes
                0x00000054       0x20 c:/siliconlabs/simplicitystudio/v4/developer/toolchains/gnu_arm/7.2_2017q4/bin/../lib/gcc/arm-none-eabi/7.2.1/../../../../arm-none-eabi/lib/thumb/v7e-m/fpv4-sp/softfp/crt0.o
 .ARM.attributes
                0x00000074       0x37 ./init_app.o
 .ARM.attributes
                0x000000ab       0x37 ./init_board_efr32xg1.o
 .ARM.attributes
                0x000000e2       0x37 ./init_mcu_efr32xg1.o
 .ARM.attributes
                0x00000119       0x37 ./main.o
 .ARM.attributes
                0x00000150       0x37 ./hardware/kit/common/drivers/retargetio.o
 .ARM.attributes
                0x00000187       0x37 ./hardware/kit/common/drivers/retargetserial.o
 .ARM.attributes
                0x000001be       0x37 ./platform/Device/SiliconLabs/MGM13/Source/GCC/startup_mgm13.o
 .ARM.attributes
                0x000001f5       0x37 ./platform/Device/SiliconLabs/MGM13/Source/system_mgm13.o
 .ARM.attributes
                0x0000022c       0x37 ./platform/emdrv/dmadrv/src/dmadrv.o
 .ARM.attributes
                0x00000263       0x37 ./platform/emdrv/rtcdrv/src/rtcdriver.o
 .ARM.attributes
                0x0000029a       0x37 ./platform/emdrv/spidrv/src/spidrv.o
 .ARM.attributes
                0x000002d1       0x37 ./platform/emlib/src/em_cmu.o
 .ARM.attributes
                0x00000308       0x37 ./platform/emlib/src/em_core.o
 .ARM.attributes
                0x0000033f       0x37 ./platform/emlib/src/em_emu.o
 .ARM.attributes
                0x00000376       0x37 ./platform/emlib/src/em_gpio.o
 .ARM.attributes
                0x000003ad       0x37 ./platform/emlib/src/em_ldma.o
 .ARM.attributes
                0x000003e4       0x37 ./platform/emlib/src/em_msc.o
 .ARM.attributes
                0x0000041b       0x37 ./platform/emlib/src/em_rtcc.o
 .ARM.attributes
                0x00000452       0x37 ./platform/emlib/src/em_usart.o
 .ARM.attributes
                0x00000489       0x37 C:\Users\samia\SimplicityStudio\v4_workspace\mgm13_bootstrap\protocol\bluetooth\lib\EFR32MG13P\GCC\libbluetooth.a(ll_radio.c.obj)
 .ARM.attributes
                0x000004c0       0x37 C:\Users\samia\SimplicityStudio\v4_workspace\mgm13_bootstrap\platform\radio\rail_lib\autogen\librail_release\librail_module_efr32xg13_gcc_release.a(rail_singleprotocol.o)
 .ARM.attributes
                0x000004f7       0x37 C:\Users\samia\SimplicityStudio\v4_workspace\mgm13_bootstrap\platform\radio\rail_lib\autogen\librail_release\librail_module_efr32xg13_gcc_release.a(rail_rf.o)
 .ARM.attributes
                0x0000052e       0x37 C:\Users\samia\SimplicityStudio\v4_workspace\mgm13_bootstrap\platform\radio\rail_lib\autogen\librail_release\librail_module_efr32xg13_gcc_release.a(rail_assert.o)
 .ARM.attributes
                0x00000565       0x37 C:\Users\samia\SimplicityStudio\v4_workspace\mgm13_bootstrap\platform\radio\rail_lib\autogen\librail_release\librail_module_efr32xg13_gcc_release.a(rfhal_rfsense.o)
 .ARM.attributes
                0x0000059c       0x37 C:\Users\samia\SimplicityStudio\v4_workspace\mgm13_bootstrap\platform\radio\rail_lib\autogen\librail_release\librail_module_efr32xg13_gcc_release.a(rail_rf_hal.o)
 .ARM.attributes
                0x000005d3       0x37 C:\Users\samia\SimplicityStudio\v4_workspace\mgm13_bootstrap\platform\radio\rail_lib\autogen\librail_release\librail_module_efr32xg13_gcc_release.a(rail_calibration.o)
 .ARM.attributes
                0x0000060a       0x37 C:\Users\samia\SimplicityStudio\v4_workspace\mgm13_bootstrap\platform\radio\rail_lib\autogen\librail_release\librail_module_efr32xg13_gcc_release.a(rfhal_bufc.o)
 .ARM.attributes
                0x00000641       0x37 C:\Users\samia\SimplicityStudio\v4_workspace\mgm13_bootstrap\platform\radio\rail_lib\autogen\librail_release\librail_module_efr32xg13_gcc_release.a(rfhal_pa.o)
 .ARM.attributes
                0x00000678       0x37 C:\Users\samia\SimplicityStudio\v4_workspace\mgm13_bootstrap\platform\radio\rail_lib\autogen\librail_release\librail_module_efr32xg13_gcc_release.a(rfhal_protimer.o)
 .ARM.attributes
                0x000006af       0x37 C:\Users\samia\SimplicityStudio\v4_workspace\mgm13_bootstrap\platform\radio\rail_lib\autogen\librail_release\librail_module_efr32xg13_gcc_release.a(rfhal_pti.o)
 .ARM.attributes
                0x000006e6       0x37 C:\Users\samia\SimplicityStudio\v4_workspace\mgm13_bootstrap\platform\radio\rail_lib\autogen\librail_release\librail_module_efr32xg13_gcc_release.a(rfhal_radio.o)
 .ARM.attributes
                0x0000071d       0x37 C:\Users\samia\SimplicityStudio\v4_workspace\mgm13_bootstrap\platform\radio\rail_lib\autogen\librail_release\librail_module_efr32xg13_gcc_release.a(rfhal_rtccsync.o)
 .ARM.attributes
                0x00000754       0x37 C:\Users\samia\SimplicityStudio\v4_workspace\mgm13_bootstrap\platform\radio\rail_lib\autogen\librail_release\librail_module_efr32xg13_gcc_release.a(rfhal_synth.o)
 .ARM.attributes
                0x0000078b       0x37 C:\Users\samia\SimplicityStudio\v4_workspace\mgm13_bootstrap\platform\radio\rail_lib\autogen\librail_release\librail_module_efr32xg13_gcc_release.a(generic_phy.o)
 .ARM.attributes
                0x000007c2       0x22 c:/siliconlabs/simplicitystudio/v4/developer/toolchains/gnu_arm/7.2_2017q4/bin/../lib/gcc/arm-none-eabi/7.2.1/thumb/v7e-m/fpv4-sp/softfp\libgcc.a(_aeabi_uldivmod.o)
 .ARM.attributes
                0x000007e4       0x32 c:/siliconlabs/simplicitystudio/v4/developer/toolchains/gnu_arm/7.2_2017q4/bin/../lib/gcc/arm-none-eabi/7.2.1/thumb/v7e-m/fpv4-sp/softfp\libgcc.a(_udivmoddi4.o)
 .ARM.attributes
                0x00000816       0x22 c:/siliconlabs/simplicitystudio/v4/developer/toolchains/gnu_arm/7.2_2017q4/bin/../lib/gcc/arm-none-eabi/7.2.1/thumb/v7e-m/fpv4-sp/softfp\libgcc.a(_dvmd_tls.o)
 .ARM.attributes
                0x00000838       0x32 c:/siliconlabs/simplicitystudio/v4/developer/toolchains/gnu_arm/7.2_2017q4/bin/../lib/gcc/arm-none-eabi/7.2.1/../../../../arm-none-eabi/lib/thumb/v7e-m/fpv4-sp/softfp\libc_nano.a(lib_a-exit.o)
 .ARM.attributes
                0x0000086a       0x32 c:/siliconlabs/simplicitystudio/v4/developer/toolchains/gnu_arm/7.2_2017q4/bin/../lib/gcc/arm-none-eabi/7.2.1/../../../../arm-none-eabi/lib/thumb/v7e-m/fpv4-sp/softfp\libc_nano.a(lib_a-impure.o)
 .ARM.attributes
                0x0000089c       0x32 c:/siliconlabs/simplicitystudio/v4/developer/toolchains/gnu_arm/7.2_2017q4/bin/../lib/gcc/arm-none-eabi/7.2.1/../../../../arm-none-eabi/lib/thumb/v7e-m/fpv4-sp/softfp\libc_nano.a(lib_a-init.o)
 .ARM.attributes
                0x000008ce       0x32 c:/siliconlabs/simplicitystudio/v4/developer/toolchains/gnu_arm/7.2_2017q4/bin/../lib/gcc/arm-none-eabi/7.2.1/../../../../arm-none-eabi/lib/thumb/v7e-m/fpv4-sp/softfp\libc_nano.a(lib_a-malloc.o)
 .ARM.attributes
                0x00000900       0x32 c:/siliconlabs/simplicitystudio/v4/developer/toolchains/gnu_arm/7.2_2017q4/bin/../lib/gcc/arm-none-eabi/7.2.1/../../../../arm-none-eabi/lib/thumb/v7e-m/fpv4-sp/softfp\libc_nano.a(lib_a-memcpy-stub.o)
 .ARM.attributes
                0x00000932       0x32 c:/siliconlabs/simplicitystudio/v4/developer/toolchains/gnu_arm/7.2_2017q4/bin/../lib/gcc/arm-none-eabi/7.2.1/../../../../arm-none-eabi/lib/thumb/v7e-m/fpv4-sp/softfp\libc_nano.a(lib_a-memset.o)
 .ARM.attributes
                0x00000964       0x32 c:/siliconlabs/simplicitystudio/v4/developer/toolchains/gnu_arm/7.2_2017q4/bin/../lib/gcc/arm-none-eabi/7.2.1/../../../../arm-none-eabi/lib/thumb/v7e-m/fpv4-sp/softfp\libc_nano.a(lib_a-nano-freer.o)
 .ARM.attributes
                0x00000996       0x32 c:/siliconlabs/simplicitystudio/v4/developer/toolchains/gnu_arm/7.2_2017q4/bin/../lib/gcc/arm-none-eabi/7.2.1/../../../../arm-none-eabi/lib/thumb/v7e-m/fpv4-sp/softfp\libc_nano.a(lib_a-nano-mallocr.o)
 .ARM.attributes
                0x000009c8       0x32 c:/siliconlabs/simplicitystudio/v4/developer/toolchains/gnu_arm/7.2_2017q4/bin/../lib/gcc/arm-none-eabi/7.2.1/../../../../arm-none-eabi/lib/thumb/v7e-m/fpv4-sp/softfp\libc_nano.a(lib_a-printf.o)
 .ARM.attributes
                0x000009fa       0x32 c:/siliconlabs/simplicitystudio/v4/developer/toolchains/gnu_arm/7.2_2017q4/bin/../lib/gcc/arm-none-eabi/7.2.1/../../../../arm-none-eabi/lib/thumb/v7e-m/fpv4-sp/softfp\libc_nano.a(lib_a-puts.o)
 .ARM.attributes
                0x00000a2c       0x32 c:/siliconlabs/simplicitystudio/v4/developer/toolchains/gnu_arm/7.2_2017q4/bin/../lib/gcc/arm-none-eabi/7.2.1/../../../../arm-none-eabi/lib/thumb/v7e-m/fpv4-sp/softfp\libc_nano.a(lib_a-sbrkr.o)
 .ARM.attributes
                0x00000a5e       0x32 c:/siliconlabs/simplicitystudio/v4/developer/toolchains/gnu_arm/7.2_2017q4/bin/../lib/gcc/arm-none-eabi/7.2.1/../../../../arm-none-eabi/lib/thumb/v7e-m/fpv4-sp/softfp\libc_nano.a(lib_a-setvbuf.o)
 .ARM.attributes
                0x00000a90       0x32 c:/siliconlabs/simplicitystudio/v4/developer/toolchains/gnu_arm/7.2_2017q4/bin/../lib/gcc/arm-none-eabi/7.2.1/../../../../arm-none-eabi/lib/thumb/v7e-m/fpv4-sp/softfp\libc_nano.a(lib_a-wbuf.o)
 .ARM.attributes
                0x00000ac2       0x32 c:/siliconlabs/simplicitystudio/v4/developer/toolchains/gnu_arm/7.2_2017q4/bin/../lib/gcc/arm-none-eabi/7.2.1/../../../../arm-none-eabi/lib/thumb/v7e-m/fpv4-sp/softfp\libc_nano.a(lib_a-wsetup.o)
 .ARM.attributes
                0x00000af4       0x32 c:/siliconlabs/simplicitystudio/v4/developer/toolchains/gnu_arm/7.2_2017q4/bin/../lib/gcc/arm-none-eabi/7.2.1/../../../../arm-none-eabi/lib/thumb/v7e-m/fpv4-sp/softfp\libc_nano.a(lib_a-fflush.o)
 .ARM.attributes
                0x00000b26       0x32 c:/siliconlabs/simplicitystudio/v4/developer/toolchains/gnu_arm/7.2_2017q4/bin/../lib/gcc/arm-none-eabi/7.2.1/../../../../arm-none-eabi/lib/thumb/v7e-m/fpv4-sp/softfp\libc_nano.a(lib_a-findfp.o)
 .ARM.attributes
                0x00000b58       0x32 c:/siliconlabs/simplicitystudio/v4/developer/toolchains/gnu_arm/7.2_2017q4/bin/../lib/gcc/arm-none-eabi/7.2.1/../../../../arm-none-eabi/lib/thumb/v7e-m/fpv4-sp/softfp\libc_nano.a(lib_a-fwalk.o)
 .ARM.attributes
                0x00000b8a       0x32 c:/siliconlabs/simplicitystudio/v4/developer/toolchains/gnu_arm/7.2_2017q4/bin/../lib/gcc/arm-none-eabi/7.2.1/../../../../arm-none-eabi/lib/thumb/v7e-m/fpv4-sp/softfp\libc_nano.a(lib_a-makebuf.o)
 .ARM.attributes
                0x00000bbc       0x32 c:/siliconlabs/simplicitystudio/v4/developer/toolchains/gnu_arm/7.2_2017q4/bin/../lib/gcc/arm-none-eabi/7.2.1/../../../../arm-none-eabi/lib/thumb/v7e-m/fpv4-sp/softfp\libc_nano.a(lib_a-mlock.o)
 .ARM.attributes
                0x00000bee       0x32 c:/siliconlabs/simplicitystudio/v4/developer/toolchains/gnu_arm/7.2_2017q4/bin/../lib/gcc/arm-none-eabi/7.2.1/../../../../arm-none-eabi/lib/thumb/v7e-m/fpv4-sp/softfp\libc_nano.a(lib_a-nano-vfprintf.o)
 .ARM.attributes
                0x00000c20       0x32 c:/siliconlabs/simplicitystudio/v4/developer/toolchains/gnu_arm/7.2_2017q4/bin/../lib/gcc/arm-none-eabi/7.2.1/../../../../arm-none-eabi/lib/thumb/v7e-m/fpv4-sp/softfp\libc_nano.a(lib_a-nano-vfprintf_i.o)
 .ARM.attributes
                0x00000c52       0x32 c:/siliconlabs/simplicitystudio/v4/developer/toolchains/gnu_arm/7.2_2017q4/bin/../lib/gcc/arm-none-eabi/7.2.1/../../../../arm-none-eabi/lib/thumb/v7e-m/fpv4-sp/softfp\libc_nano.a(lib_a-reent.o)
 .ARM.attributes
                0x00000c84       0x32 c:/siliconlabs/simplicitystudio/v4/developer/toolchains/gnu_arm/7.2_2017q4/bin/../lib/gcc/arm-none-eabi/7.2.1/../../../../arm-none-eabi/lib/thumb/v7e-m/fpv4-sp/softfp\libc_nano.a(lib_a-stdio.o)
 .ARM.attributes
                0x00000cb6       0x32 c:/siliconlabs/simplicitystudio/v4/developer/toolchains/gnu_arm/7.2_2017q4/bin/../lib/gcc/arm-none-eabi/7.2.1/../../../../arm-none-eabi/lib/thumb/v7e-m/fpv4-sp/softfp\libc_nano.a(lib_a-writer.o)
 .ARM.attributes
                0x00000ce8       0x32 c:/siliconlabs/simplicitystudio/v4/developer/toolchains/gnu_arm/7.2_2017q4/bin/../lib/gcc/arm-none-eabi/7.2.1/../../../../arm-none-eabi/lib/thumb/v7e-m/fpv4-sp/softfp\libc_nano.a(lib_a-closer.o)
 .ARM.attributes
                0x00000d1a       0x32 c:/siliconlabs/simplicitystudio/v4/developer/toolchains/gnu_arm/7.2_2017q4/bin/../lib/gcc/arm-none-eabi/7.2.1/../../../../arm-none-eabi/lib/thumb/v7e-m/fpv4-sp/softfp\libc_nano.a(lib_a-fstatr.o)
 .ARM.attributes
                0x00000d4c       0x32 c:/siliconlabs/simplicitystudio/v4/developer/toolchains/gnu_arm/7.2_2017q4/bin/../lib/gcc/arm-none-eabi/7.2.1/../../../../arm-none-eabi/lib/thumb/v7e-m/fpv4-sp/softfp\libc_nano.a(lib_a-isattyr.o)
 .ARM.attributes
                0x00000d7e       0x32 c:/siliconlabs/simplicitystudio/v4/developer/toolchains/gnu_arm/7.2_2017q4/bin/../lib/gcc/arm-none-eabi/7.2.1/../../../../arm-none-eabi/lib/thumb/v7e-m/fpv4-sp/softfp\libc_nano.a(lib_a-lseekr.o)
 .ARM.attributes
                0x00000db0       0x20 c:/siliconlabs/simplicitystudio/v4/developer/toolchains/gnu_arm/7.2_2017q4/bin/../lib/gcc/arm-none-eabi/7.2.1/../../../../arm-none-eabi/lib/thumb/v7e-m/fpv4-sp/softfp\libc_nano.a(lib_a-memchr.o)
 .ARM.attributes
                0x00000dd0       0x32 c:/siliconlabs/simplicitystudio/v4/developer/toolchains/gnu_arm/7.2_2017q4/bin/../lib/gcc/arm-none-eabi/7.2.1/../../../../arm-none-eabi/lib/thumb/v7e-m/fpv4-sp/softfp\libc_nano.a(lib_a-readr.o)
 .ARM.attributes
                0x00000e02       0x32 c:/siliconlabs/simplicitystudio/v4/developer/toolchains/gnu_arm/7.2_2017q4/bin/../lib/gcc/arm-none-eabi/7.2.1/thumb/v7e-m/fpv4-sp/softfp/crtend.o
 .ARM.attributes
                0x00000e34       0x22 c:/siliconlabs/simplicitystudio/v4/developer/toolchains/gnu_arm/7.2_2017q4/bin/../lib/gcc/arm-none-eabi/7.2.1/thumb/v7e-m/fpv4-sp/softfp/crtn.o

.comment        0x00000000       0x7e
 .comment       0x00000000       0x7e ./init_app.o
                                 0x7f (size before relaxing)
 .comment       0x0000007e       0x7f ./init_board_efr32xg1.o
 .comment       0x0000007e       0x7f ./init_mcu_efr32xg1.o
 .comment       0x0000007e       0x7f ./main.o
 .comment       0x0000007e       0x7f ./hardware/kit/common/drivers/retargetio.o
 .comment       0x0000007e       0x7f ./hardware/kit/common/drivers/retargetserial.o
 .comment       0x0000007e       0x7f ./platform/Device/SiliconLabs/MGM13/Source/GCC/startup_mgm13.o
 .comment       0x0000007e       0x7f ./platform/Device/SiliconLabs/MGM13/Source/system_mgm13.o
 .comment       0x0000007e       0x7f ./platform/emdrv/dmadrv/src/dmadrv.o
 .comment       0x0000007e       0x7f ./platform/emdrv/rtcdrv/src/rtcdriver.o
 .comment       0x0000007e       0x7f ./platform/emdrv/spidrv/src/spidrv.o
 .comment       0x0000007e       0x7f ./platform/emlib/src/em_cmu.o
 .comment       0x0000007e       0x7f ./platform/emlib/src/em_core.o
 .comment       0x0000007e       0x7f ./platform/emlib/src/em_emu.o
 .comment       0x0000007e       0x7f ./platform/emlib/src/em_gpio.o
 .comment       0x0000007e       0x7f ./platform/emlib/src/em_ldma.o
 .comment       0x0000007e       0x7f ./platform/emlib/src/em_msc.o
 .comment       0x0000007e       0x7f ./platform/emlib/src/em_rtcc.o
 .comment       0x0000007e       0x7f ./platform/emlib/src/em_usart.o
 .comment       0x0000007e       0x7f C:\Users\samia\SimplicityStudio\v4_workspace\mgm13_bootstrap\protocol\bluetooth\lib\EFR32MG13P\GCC\libbluetooth.a(ll_radio.c.obj)
 .comment       0x0000007e       0x7f C:\Users\samia\SimplicityStudio\v4_workspace\mgm13_bootstrap\platform\radio\rail_lib\autogen\librail_release\librail_module_efr32xg13_gcc_release.a(rail_singleprotocol.o)
 .comment       0x0000007e       0x7f C:\Users\samia\SimplicityStudio\v4_workspace\mgm13_bootstrap\platform\radio\rail_lib\autogen\librail_release\librail_module_efr32xg13_gcc_release.a(rail_rf.o)
 .comment       0x0000007e       0x7f C:\Users\samia\SimplicityStudio\v4_workspace\mgm13_bootstrap\platform\radio\rail_lib\autogen\librail_release\librail_module_efr32xg13_gcc_release.a(rail_assert.o)
 .comment       0x0000007e       0x7f C:\Users\samia\SimplicityStudio\v4_workspace\mgm13_bootstrap\platform\radio\rail_lib\autogen\librail_release\librail_module_efr32xg13_gcc_release.a(rfhal_rfsense.o)
 .comment       0x0000007e       0x7f C:\Users\samia\SimplicityStudio\v4_workspace\mgm13_bootstrap\platform\radio\rail_lib\autogen\librail_release\librail_module_efr32xg13_gcc_release.a(rail_rf_hal.o)
 .comment       0x0000007e       0x7f C:\Users\samia\SimplicityStudio\v4_workspace\mgm13_bootstrap\platform\radio\rail_lib\autogen\librail_release\librail_module_efr32xg13_gcc_release.a(rail_calibration.o)
 .comment       0x0000007e       0x7f C:\Users\samia\SimplicityStudio\v4_workspace\mgm13_bootstrap\platform\radio\rail_lib\autogen\librail_release\librail_module_efr32xg13_gcc_release.a(rfhal_bufc.o)
 .comment       0x0000007e       0x7f C:\Users\samia\SimplicityStudio\v4_workspace\mgm13_bootstrap\platform\radio\rail_lib\autogen\librail_release\librail_module_efr32xg13_gcc_release.a(rfhal_pa.o)
 .comment       0x0000007e       0x7f C:\Users\samia\SimplicityStudio\v4_workspace\mgm13_bootstrap\platform\radio\rail_lib\autogen\librail_release\librail_module_efr32xg13_gcc_release.a(rfhal_protimer.o)
 .comment       0x0000007e       0x7f C:\Users\samia\SimplicityStudio\v4_workspace\mgm13_bootstrap\platform\radio\rail_lib\autogen\librail_release\librail_module_efr32xg13_gcc_release.a(rfhal_pti.o)
 .comment       0x0000007e       0x7f C:\Users\samia\SimplicityStudio\v4_workspace\mgm13_bootstrap\platform\radio\rail_lib\autogen\librail_release\librail_module_efr32xg13_gcc_release.a(rfhal_radio.o)
 .comment       0x0000007e       0x7f C:\Users\samia\SimplicityStudio\v4_workspace\mgm13_bootstrap\platform\radio\rail_lib\autogen\librail_release\librail_module_efr32xg13_gcc_release.a(rfhal_rtccsync.o)
 .comment       0x0000007e       0x7f C:\Users\samia\SimplicityStudio\v4_workspace\mgm13_bootstrap\platform\radio\rail_lib\autogen\librail_release\librail_module_efr32xg13_gcc_release.a(rfhal_synth.o)
 .comment       0x0000007e       0x7f C:\Users\samia\SimplicityStudio\v4_workspace\mgm13_bootstrap\platform\radio\rail_lib\autogen\librail_release\librail_module_efr32xg13_gcc_release.a(generic_phy.o)

.debug_info     0x00000000    0x1a451
 .debug_info    0x00000000       0xe5 ./init_app.o
 .debug_info    0x000000e5      0x2b4 ./init_board_efr32xg1.o
 .debug_info    0x00000399     0x11d1 ./init_mcu_efr32xg1.o
 .debug_info    0x0000156a     0x1f01 ./main.o
 .debug_info    0x0000346b      0xe60 ./hardware/kit/common/drivers/retargetio.o
 .debug_info    0x000042cb     0x186a ./hardware/kit/common/drivers/retargetserial.o
 .debug_info    0x00005b35      0x28c ./platform/Device/SiliconLabs/MGM13/Source/GCC/startup_mgm13.o
 .debug_info    0x00005dc1      0x968 ./platform/Device/SiliconLabs/MGM13/Source/system_mgm13.o
 .debug_info    0x00006729     0x1979 ./platform/emdrv/dmadrv/src/dmadrv.o
 .debug_info    0x000080a2     0x2206 ./platform/emdrv/rtcdrv/src/rtcdriver.o
 .debug_info    0x0000a2a8     0x3b3a ./platform/emdrv/spidrv/src/spidrv.o
 .debug_info    0x0000dde2     0x3bcd ./platform/emlib/src/em_cmu.o
 .debug_info    0x000119af      0xd7b ./platform/emlib/src/em_core.o
 .debug_info    0x0001272a     0x30b2 ./platform/emlib/src/em_emu.o
 .debug_info    0x000157dc      0xf05 ./platform/emlib/src/em_gpio.o
 .debug_info    0x000166e1     0x13f4 ./platform/emlib/src/em_ldma.o
 .debug_info    0x00017ad5      0xb1b ./platform/emlib/src/em_msc.o
 .debug_info    0x000185f0      0xbc3 ./platform/emlib/src/em_rtcc.o
 .debug_info    0x000191b3     0x129e ./platform/emlib/src/em_usart.o

.debug_abbrev   0x00000000     0x3980
 .debug_abbrev  0x00000000       0x7a ./init_app.o
 .debug_abbrev  0x0000007a       0xd8 ./init_board_efr32xg1.o